Archive member included to satisfy reference by file (symbol)

/Applications/microchip/xc8/v2.10/avr/bin/../lib/gcc/avr/5.4.0/avr5/libgcc.a(_exit.o)
                              /Applications/microchip/xc8/v2.10/dfp/gcc/dev/atmega328pb/avr5/crtatmega328pb.o (exit)
/Applications/microchip/xc8/v2.10/avr/bin/../lib/gcc/avr/5.4.0/avr5/libgcc.a(_copy_data.o)
                              build/default/debug/6_3.o (__do_clear_bss)

Discarded input sections

 .data          0x0000000000000000        0x0 /Applications/microchip/xc8/v2.10/dfp/gcc/dev/atmega328pb/avr5/crtatmega328pb.o
 .bss           0x0000000000000000        0x0 /Applications/microchip/xc8/v2.10/dfp/gcc/dev/atmega328pb/avr5/crtatmega328pb.o
 .text          0x0000000000000000        0x0 build/default/debug/6_3.o
 .data          0x0000000000000000        0x0 build/default/debug/6_3.o
 .bss           0x0000000000000000        0x0 build/default/debug/6_3.o
 .text.twi_readAck
                0x0000000000000000       0x16 build/default/debug/6_3.o
 .text          0x0000000000000000        0x0 /Applications/microchip/xc8/v2.10/avr/bin/../lib/gcc/avr/5.4.0/avr5/libgcc.a(_exit.o)
 .data          0x0000000000000000        0x0 /Applications/microchip/xc8/v2.10/avr/bin/../lib/gcc/avr/5.4.0/avr5/libgcc.a(_exit.o)
 .bss           0x0000000000000000        0x0 /Applications/microchip/xc8/v2.10/avr/bin/../lib/gcc/avr/5.4.0/avr5/libgcc.a(_exit.o)
 .text.libgcc.mul
                0x0000000000000000        0x0 /Applications/microchip/xc8/v2.10/avr/bin/../lib/gcc/avr/5.4.0/avr5/libgcc.a(_exit.o)
 .text.libgcc.div
                0x0000000000000000        0x0 /Applications/microchip/xc8/v2.10/avr/bin/../lib/gcc/avr/5.4.0/avr5/libgcc.a(_exit.o)
 .text.libgcc   0x0000000000000000        0x0 /Applications/microchip/xc8/v2.10/avr/bin/../lib/gcc/avr/5.4.0/avr5/libgcc.a(_exit.o)
 .text.libgcc.prologue
                0x0000000000000000        0x0 /Applications/microchip/xc8/v2.10/avr/bin/../lib/gcc/avr/5.4.0/avr5/libgcc.a(_exit.o)
 .text.libgcc.builtins
                0x0000000000000000        0x0 /Applications/microchip/xc8/v2.10/avr/bin/../lib/gcc/avr/5.4.0/avr5/libgcc.a(_exit.o)
 .text.libgcc.fmul
                0x0000000000000000        0x0 /Applications/microchip/xc8/v2.10/avr/bin/../lib/gcc/avr/5.4.0/avr5/libgcc.a(_exit.o)
 .text.libgcc.fixed
                0x0000000000000000        0x0 /Applications/microchip/xc8/v2.10/avr/bin/../lib/gcc/avr/5.4.0/avr5/libgcc.a(_exit.o)
 .text          0x0000000000000000        0x0 /Applications/microchip/xc8/v2.10/avr/bin/../lib/gcc/avr/5.4.0/avr5/libgcc.a(_copy_data.o)
 .data          0x0000000000000000        0x0 /Applications/microchip/xc8/v2.10/avr/bin/../lib/gcc/avr/5.4.0/avr5/libgcc.a(_copy_data.o)
 .bss           0x0000000000000000        0x0 /Applications/microchip/xc8/v2.10/avr/bin/../lib/gcc/avr/5.4.0/avr5/libgcc.a(_copy_data.o)
 .text.libgcc.mul
                0x0000000000000000        0x0 /Applications/microchip/xc8/v2.10/avr/bin/../lib/gcc/avr/5.4.0/avr5/libgcc.a(_copy_data.o)
 .text.libgcc.div
                0x0000000000000000        0x0 /Applications/microchip/xc8/v2.10/avr/bin/../lib/gcc/avr/5.4.0/avr5/libgcc.a(_copy_data.o)
 .text.libgcc   0x0000000000000000        0x0 /Applications/microchip/xc8/v2.10/avr/bin/../lib/gcc/avr/5.4.0/avr5/libgcc.a(_copy_data.o)
 .text.libgcc.prologue
                0x0000000000000000        0x0 /Applications/microchip/xc8/v2.10/avr/bin/../lib/gcc/avr/5.4.0/avr5/libgcc.a(_copy_data.o)
 .text.libgcc.builtins
                0x0000000000000000        0x0 /Applications/microchip/xc8/v2.10/avr/bin/../lib/gcc/avr/5.4.0/avr5/libgcc.a(_copy_data.o)
 .text.libgcc.fmul
                0x0000000000000000        0x0 /Applications/microchip/xc8/v2.10/avr/bin/../lib/gcc/avr/5.4.0/avr5/libgcc.a(_copy_data.o)
 .text.libgcc.fixed
                0x0000000000000000        0x0 /Applications/microchip/xc8/v2.10/avr/bin/../lib/gcc/avr/5.4.0/avr5/libgcc.a(_copy_data.o)

Memory Configuration

Name             Origin             Length             Attributes
text             0x0000000000000000 0x0000000000008000 xr
data             0x0000000000800100 0x0000000000000800 rw !x
eeprom           0x0000000000810000 0x0000000000000400 rw !x
fuse             0x0000000000820000 0x0000000000000003 rw !x
lock             0x0000000000830000 0x0000000000000400 rw !x
signature        0x0000000000840000 0x0000000000000400 rw !x
user_signatures  0x0000000000850000 0x0000000000000400 rw !x
*default*        0x0000000000000000 0xffffffffffffffff

Linker script and memory map

Address of section .data set to 0x800100
LOAD /Applications/microchip/xc8/v2.10/dfp/gcc/dev/atmega328pb/avr5/crtatmega328pb.o
                0x0000000000000001                __MPLAB_BUILD = 0x1
LOAD build/default/debug/6_3.o
START GROUP
LOAD /Applications/microchip/xc8/v2.10/avr/bin/../lib/gcc/avr/5.4.0/../../../../avr/lib/avr5/libm.a
END GROUP
                0x0000000000000001                __MPLAB_DEBUG = 0x1
                0x0000000000000001                __DEBUG = 0x1
START GROUP
LOAD /Applications/microchip/xc8/v2.10/avr/bin/../lib/gcc/avr/5.4.0/avr5/libgcc.a
LOAD /Applications/microchip/xc8/v2.10/avr/bin/../lib/gcc/avr/5.4.0/../../../../avr/lib/avr5/libm.a
LOAD /Applications/microchip/xc8/v2.10/avr/bin/../lib/gcc/avr/5.4.0/../../../../avr/lib/avr5/libc.a
LOAD /Applications/microchip/xc8/v2.10/dfp/gcc/dev/atmega328pb/avr5/libatmega328pb.a
END GROUP
                [0x0000000000000000]                __TEXT_REGION_ORIGIN__ = DEFINED (__TEXT_REGION_ORIGIN__)?__TEXT_REGION_ORIGIN__:0x0
                [0x0000000000800100]                __DATA_REGION_ORIGIN__ = DEFINED (__DATA_REGION_ORIGIN__)?__DATA_REGION_ORIGIN__:0x800060
                [0x0000000000008000]                __TEXT_REGION_LENGTH__ = DEFINED (__TEXT_REGION_LENGTH__)?__TEXT_REGION_LENGTH__:0x20000
                [0x0000000000000800]                __DATA_REGION_LENGTH__ = DEFINED (__DATA_REGION_LENGTH__)?__DATA_REGION_LENGTH__:0xffa0
                [0x0000000000000400]                __EEPROM_REGION_LENGTH__ = DEFINED (__EEPROM_REGION_LENGTH__)?__EEPROM_REGION_LENGTH__:0x10000
                [0x0000000000000003]                __FUSE_REGION_LENGTH__ = DEFINED (__FUSE_REGION_LENGTH__)?__FUSE_REGION_LENGTH__:0x400
                0x0000000000000400                __LOCK_REGION_LENGTH__ = DEFINED (__LOCK_REGION_LENGTH__)?__LOCK_REGION_LENGTH__:0x400
                0x0000000000000400                __SIGNATURE_REGION_LENGTH__ = DEFINED (__SIGNATURE_REGION_LENGTH__)?__SIGNATURE_REGION_LENGTH__:0x400
                0x0000000000000400                __USER_SIGNATURE_REGION_LENGTH__ = DEFINED (__USER_SIGNATURE_REGION_LENGTH__)?__USER_SIGNATURE_REGION_LENGTH__:0x400

.hash
 *(.hash)

.dynsym
 *(.dynsym)

.dynstr
 *(.dynstr)

.gnu.version
 *(.gnu.version)

.gnu.version_d
 *(.gnu.version_d)

.gnu.version_r
 *(.gnu.version_r)

.rel.init
 *(.rel.init)

.rela.init
 *(.rela.init)

.rel.text
 *(.rel.text)
 *(.rel.text.*)
 *(.rel.gnu.linkonce.t*)

.rela.text
 *(.rela.text)
 *(.rela.text.*)
 *(.rela.gnu.linkonce.t*)

.rel.fini
 *(.rel.fini)

.rela.fini
 *(.rela.fini)

.rel.rodata
 *(.rel.rodata)
 *(.rel.rodata.*)
 *(.rel.gnu.linkonce.r*)

.rela.rodata
 *(.rela.rodata)
 *(.rela.rodata.*)
 *(.rela.gnu.linkonce.r*)

.rel.data
 *(.rel.data)
 *(.rel.data.*)
 *(.rel.gnu.linkonce.d*)

.rela.data
 *(.rela.data)
 *(.rela.data.*)
 *(.rela.gnu.linkonce.d*)

.rel.ctors
 *(.rel.ctors)

.rela.ctors
 *(.rela.ctors)

.rel.dtors
 *(.rel.dtors)

.rela.dtors
 *(.rela.dtors)

.rel.got
 *(.rel.got)

.rela.got
 *(.rela.got)

.rel.bss
 *(.rel.bss)

.rela.bss
 *(.rela.bss)

.rel.plt
 *(.rel.plt)

.rela.plt
 *(.rela.plt)

.text           0x0000000000000000      0x10e
 *(.vectors)
 .vectors       0x0000000000000000       0xb4 /Applications/microchip/xc8/v2.10/dfp/gcc/dev/atmega328pb/avr5/crtatmega328pb.o
                0x0000000000000000                __vectors
                0x0000000000000000                __vector_default
 *(.vectors)
 *(.progmem.gcc*)
 *(.dinit)
 .dinit         0x00000000000000b4        0x5 data_init
                0x00000000000000ba                . = ALIGN (0x2)
 *fill*         0x00000000000000b9        0x1 
                0x00000000000000ba                __trampolines_start = .
 *(.trampolines)
 .trampolines   0x00000000000000ba        0x0 linker stubs
 *(.trampolines*)
                0x00000000000000ba                __trampolines_end = .
 *libprintf_flt.a:*(.progmem.data)
 *libc.a:*(.progmem.data)
                0x00000000000000ba                . = ALIGN (0x2)
 *(.jumptables)
 *(.jumptables*)
 *(.lowtext)
 *(.lowtext*)
                0x00000000000000ba                __ctors_start = .
 *(.ctors)
                0x00000000000000ba                __ctors_end = .
                0x00000000000000ba                __dtors_start = .
 *(.dtors)
                0x00000000000000ba                __dtors_end = .
 SORT(*)(.ctors)
 SORT(*)(.dtors)
 *(.init0)
 .init0         0x00000000000000ba        0x0 /Applications/microchip/xc8/v2.10/dfp/gcc/dev/atmega328pb/avr5/crtatmega328pb.o
                0x00000000000000ba                __init
 *(.init0)
 *(.init1)
 *(.init1)
 *(.init2)
 .init2         0x00000000000000ba        0xc /Applications/microchip/xc8/v2.10/dfp/gcc/dev/atmega328pb/avr5/crtatmega328pb.o
 *(.init2)
 *(.init3)
 *(.init3)
 *(.init4)
 .init4         0x00000000000000c6       0x3c /Applications/microchip/xc8/v2.10/avr/bin/../lib/gcc/avr/5.4.0/avr5/libgcc.a(_copy_data.o)
                0x00000000000000c6                __do_copy_data
                0x00000000000000f4                __do_clear_bss
 *(.init4)
 *(.init5)
 *(.init5)
 *(.init6)
 *(.init6)
 *(.init7)
 *(.init7)
 *(.init8)
 *(.init8)
 *(.init9)
 .init9         0x0000000000000102        0x8 /Applications/microchip/xc8/v2.10/dfp/gcc/dev/atmega328pb/avr5/crtatmega328pb.o
 *(.init9)
                0x000000000000010a                . = ALIGN (0x2)
 *(.fini9)
 .fini9         0x000000000000010a        0x0 /Applications/microchip/xc8/v2.10/avr/bin/../lib/gcc/avr/5.4.0/avr5/libgcc.a(_exit.o)
                0x000000000000010a                exit
                0x000000000000010a                _exit
 *(.fini9)
 *(.fini8)
 *(.fini8)
 *(.fini7)
 *(.fini7)
 *(.fini6)
 *(.fini6)
 *(.fini5)
 *(.fini5)
 *(.fini4)
 *(.fini4)
 *(.fini3)
 *(.fini3)
 *(.fini2)
 *(.fini2)
 *(.fini1)
 *(.fini1)
 *(.fini0)
 .fini0         0x000000000000010a        0x4 /Applications/microchip/xc8/v2.10/avr/bin/../lib/gcc/avr/5.4.0/avr5/libgcc.a(_exit.o)
 *(.fini0)
                0x000000000000010e                _etext = .

.data           0x0000000000800100        0x0 load address 0x000000000000010e
                [!provide]                        PROVIDE (__data_start, .)
 *(.gnu.linkonce.d*)
 *(.gnu.linkonce.r*)
                0x0000000000800100                . = ALIGN (0x2)
                0x0000000000800100                _edata = .
                [!provide]                        PROVIDE (__data_end, .)

.bss            0x0000000000800100        0x0
                [!provide]                        PROVIDE (__bss_start, .)
 *(COMMON)
                [!provide]                        PROVIDE (__bss_end, .)
                0x000000000000010e                __data_load_start = LOADADDR (.data)
                0x000000000000010e                __data_load_end = (__data_load_start + SIZEOF (.data))

.noinit         0x0000000000800100        0x0
                [!provide]                        PROVIDE (__noinit_start, .)
 *(.noinit*)
                [!provide]                        PROVIDE (__noinit_end, .)
                0x0000000000800100                _end = .

.eeprom         0x0000000000810000        0x0
 *(.eeprom*)
                0x0000000000810000                __eeprom_end = .

.fuse
 *(.fuse)
 *(.lfuse)
 *(.hfuse)
 *(.efuse)

.lock
 *(.lock*)

.signature
 *(.signature*)

.user_signatures
 *(.user_signatures*)

.stab
 *(.stab)

.stabstr
 *(.stabstr)

.stab.excl
 *(.stab.excl)

.stab.exclstr
 *(.stab.exclstr)

.stab.index
 *(.stab.index)

.stab.indexstr
 *(.stab.indexstr)

.comment        0x0000000000000000       0x2f
 *(.comment)
 .comment       0x0000000000000000       0x2f build/default/debug/6_3.o
                                         0x30 (size before relaxing)

.note.gnu.build-id
 *(.note.gnu.build-id)

.debug
 *(.debug)

.line
 *(.line)

.debug_srcinfo
 *(.debug_srcinfo)

.debug_sfnames
 *(.debug_sfnames)

.debug_aranges  0x0000000000000000       0xb8
 *(.debug_aranges)
 .debug_aranges
                0x0000000000000000       0xb8 build/default/debug/6_3.o

.debug_pubnames
 *(.debug_pubnames)

.debug_info     0x0000000000000000     0x179a
 *(.debug_info .gnu.linkonce.wi.*)
 .debug_info    0x0000000000000000      0x8ea /Applications/microchip/xc8/v2.10/dfp/gcc/dev/atmega328pb/avr5/crtatmega328pb.o
 .debug_info    0x00000000000008ea      0xeb0 build/default/debug/6_3.o

.debug_abbrev   0x0000000000000000      0xb04
 *(.debug_abbrev)
 .debug_abbrev  0x0000000000000000      0x86e /Applications/microchip/xc8/v2.10/dfp/gcc/dev/atmega328pb/avr5/crtatmega328pb.o
 .debug_abbrev  0x000000000000086e      0x296 build/default/debug/6_3.o

.debug_line     0x0000000000000000      0x8bd
 *(.debug_line .debug_line.* .debug_line_end)
 .debug_line    0x0000000000000000      0x1a5 /Applications/microchip/xc8/v2.10/dfp/gcc/dev/atmega328pb/avr5/crtatmega328pb.o
 .debug_line    0x00000000000001a5      0x718 build/default/debug/6_3.o

.debug_frame    0x0000000000000000      0x1b4
 *(.debug_frame)
 .debug_frame   0x0000000000000000      0x1b4 build/default/debug/6_3.o

.debug_str      0x0000000000000000      0x351
 *(.debug_str)
 .debug_str     0x0000000000000000      0x318 /Applications/microchip/xc8/v2.10/dfp/gcc/dev/atmega328pb/avr5/crtatmega328pb.o
 .debug_str     0x0000000000000318       0x39 build/default/debug/6_3.o

.debug_loc      0x0000000000000000      0x960
 *(.debug_loc)
 .debug_loc     0x0000000000000000      0x960 build/default/debug/6_3.o

.debug_macinfo
 *(.debug_macinfo)

.debug_weaknames
 *(.debug_weaknames)

.debug_funcnames
 *(.debug_funcnames)

.debug_typenames
 *(.debug_typenames)

.debug_varnames
 *(.debug_varnames)

.debug_pubtypes
 *(.debug_pubtypes)

.debug_ranges   0x0000000000000000       0xd8
 *(.debug_ranges)
 .debug_ranges  0x0000000000000000       0xd8 build/default/debug/6_3.o

.debug_macro
 *(.debug_macro)
OUTPUT(dist/default/debug/6_3.X.debug.elf elf32-avr)
LOAD linker stubs
LOAD data_init

.note.gnu.avr.deviceinfo
                0x0000000000000000       0x40
 .note.gnu.avr.deviceinfo
                0x0000000000000000       0x40 /Applications/microchip/xc8/v2.10/dfp/gcc/dev/atmega328pb/avr5/crtatmega328pb.o

.bss.pressed_keys
                0x0000000000800100        0x2
 .bss.pressed_keys
                0x0000000000800100        0x2 build/default/debug/6_3.o
                0x0000000000800100                pressed_keys

.text.main      0x000000000000010e       0xda
 .text.main     0x000000000000010e       0xda build/default/debug/6_3.o
                0x000000000000010e                main

.text.keypad_to_ascii
                0x00000000000001e8       0xd0
 .text.keypad_to_ascii
                0x00000000000001e8       0xd0 build/default/debug/6_3.o
                0x00000000000001e8                keypad_to_ascii

.text.pca_lcd_init
                0x00000000000002b8       0xaa
 .text.pca_lcd_init
                0x00000000000002b8       0xaa build/default/debug/6_3.o
                0x00000000000002b8                pca_lcd_init

.text.pca_write_2_nibbles
                0x0000000000000362       0x7c
 .text.pca_write_2_nibbles
                0x0000000000000362       0x7c build/default/debug/6_3.o
                0x0000000000000362                pca_write_2_nibbles

.text.twi_start_wait
                0x00000000000003de       0x50
 .text.twi_start_wait
                0x00000000000003de       0x50 build/default/debug/6_3.o
                0x00000000000003de                twi_start_wait

.text.twi_start
                0x000000000000042e       0x4e
 .text.twi_start
                0x000000000000042e       0x4e build/default/debug/6_3.o
                0x000000000000042e                twi_start

.text.scan_keypad
                0x000000000000047c       0x44
 .text.scan_keypad
                0x000000000000047c       0x44 build/default/debug/6_3.o
                0x000000000000047c                scan_keypad

.text.scan_keypad_rising_edge
                0x00000000000004c0       0x3c
 .text.scan_keypad_rising_edge
                0x00000000000004c0       0x3c build/default/debug/6_3.o
                0x00000000000004c0                scan_keypad_rising_edge

.text.pca_lcd_data
                0x00000000000004fc       0x2a
 .text.pca_lcd_data
                0x00000000000004fc       0x2a build/default/debug/6_3.o
                0x00000000000004fc                pca_lcd_data

.text.pca_lcd_command
                0x0000000000000526       0x2a
 .text.pca_lcd_command
                0x0000000000000526       0x2a build/default/debug/6_3.o
                0x0000000000000526                pca_lcd_command

.text.PCA9555_0_read
                0x0000000000000550       0x26
 .text.PCA9555_0_read
                0x0000000000000550       0x26 build/default/debug/6_3.o
                0x0000000000000550                PCA9555_0_read

.text.twi_write
                0x0000000000000576       0x24
 .text.twi_write
                0x0000000000000576       0x24 build/default/debug/6_3.o
                0x0000000000000576                twi_write

.text.PCA9555_0_write
                0x000000000000059a       0x24
 .text.PCA9555_0_write
                0x000000000000059a       0x24 build/default/debug/6_3.o
                0x000000000000059a                PCA9555_0_write

.text.scan_row  0x00000000000005be       0x22
 .text.scan_row
                0x00000000000005be       0x22 build/default/debug/6_3.o
                0x00000000000005be                scan_row

.text.twi_readNak
                0x00000000000005e0       0x16
 .text.twi_readNak
                0x00000000000005e0       0x16 build/default/debug/6_3.o
                0x00000000000005e0                twi_readNak

.text.pca_lcd_clear_display
                0x00000000000005f6       0x14
 .text.pca_lcd_clear_display
                0x00000000000005f6       0x14 build/default/debug/6_3.o
                0x00000000000005f6                pca_lcd_clear_display

.text.twi_stop  0x000000000000060a       0x12
 .text.twi_stop
                0x000000000000060a       0x12 build/default/debug/6_3.o
                0x000000000000060a                twi_stop

.text.twi_init  0x000000000000061c        0xc
 .text.twi_init
                0x000000000000061c        0xc build/default/debug/6_3.o
                0x000000000000061c                twi_init

.text.twi_rep_start
                0x0000000000000628        0x6
 .text.twi_rep_start
                0x0000000000000628        0x6 build/default/debug/6_3.o
                0x0000000000000628                twi_rep_start

.text           0x000000000000062e        0x4
 .text          0x000000000000062e        0x4 /Applications/microchip/xc8/v2.10/dfp/gcc/dev/atmega328pb/avr5/crtatmega328pb.o
                0x000000000000062e                __vector_42
                0x000000000000062e                __vector_22
                0x000000000000062e                __vector_28
                0x000000000000062e                __vector_1
                0x000000000000062e                __vector_32
                0x000000000000062e                __vector_34
                0x000000000000062e                __vector_24
                0x000000000000062e                __vector_12
                0x000000000000062e                __bad_interrupt
                0x000000000000062e                __vector_6
                0x000000000000062e                __vector_31
                0x000000000000062e                __vector_35
                0x000000000000062e                __vector_39
                0x000000000000062e                __vector_3
                0x000000000000062e                __vector_23
                0x000000000000062e                __vector_30
                0x000000000000062e                __vector_25
                0x000000000000062e                __vector_11
                0x000000000000062e                __vector_13
                0x000000000000062e                __vector_17
                0x000000000000062e                __vector_19
                0x000000000000062e                __vector_7
                0x000000000000062e                __vector_41
                0x000000000000062e                __vector_43
                0x000000000000062e                __vector_27
                0x000000000000062e                __vector_5
                0x000000000000062e                __vector_33
                0x000000000000062e                __vector_37
                0x000000000000062e                __vector_4
                0x000000000000062e                __vector_44
                0x000000000000062e                __vector_9
                0x000000000000062e                __vector_2
                0x000000000000062e                __vector_21
                0x000000000000062e                __vector_15
                0x000000000000062e                __vector_36
                0x000000000000062e                __vector_29
                0x000000000000062e                __vector_40
                0x000000000000062e                __vector_8
                0x000000000000062e                __vector_26
                0x000000000000062e                __vector_14
                0x000000000000062e                __vector_10
                0x000000000000062e                __vector_16
                0x000000000000062e                __vector_18
                0x000000000000062e                __vector_20
                0x000000000000062e                __vector_38
