Archive member included to satisfy reference by file (symbol)

/Applications/microchip/xc8/v2.10/avr/bin/../lib/gcc/avr/5.4.0/../../../../avr/lib/avr5/libm.a(fixsfsi.o)
                              build/default/production/8_3.o (__fixsfsi)
/Applications/microchip/xc8/v2.10/avr/bin/../lib/gcc/avr/5.4.0/../../../../avr/lib/avr5/libm.a(fixunssfsi.o)
                              /Applications/microchip/xc8/v2.10/avr/bin/../lib/gcc/avr/5.4.0/../../../../avr/lib/avr5/libm.a(fixsfsi.o) (__fixunssfsi)
/Applications/microchip/xc8/v2.10/avr/bin/../lib/gcc/avr/5.4.0/../../../../avr/lib/avr5/libm.a(floatsisf.o)
                              build/default/production/8_3.o (__floatsisf)
/Applications/microchip/xc8/v2.10/avr/bin/../lib/gcc/avr/5.4.0/../../../../avr/lib/avr5/libm.a(fp_split3.o)
                              /Applications/microchip/xc8/v2.10/avr/bin/../lib/gcc/avr/5.4.0/../../../../avr/lib/avr5/libm.a(fixunssfsi.o) (__fp_splitA)
/Applications/microchip/xc8/v2.10/avr/bin/../lib/gcc/avr/5.4.0/../../../../avr/lib/avr5/libm.a(fp_zero.o)
                              /Applications/microchip/xc8/v2.10/avr/bin/../lib/gcc/avr/5.4.0/../../../../avr/lib/avr5/libm.a(fixunssfsi.o) (__fp_zero)
/Applications/microchip/xc8/v2.10/avr/bin/../lib/gcc/avr/5.4.0/../../../../avr/lib/avr5/libm.a(mulsf3.o)
                              build/default/production/8_3.o (__mulsf3)
/Applications/microchip/xc8/v2.10/avr/bin/../lib/gcc/avr/5.4.0/../../../../avr/lib/avr5/libm.a(mulsf3x.o)
                              /Applications/microchip/xc8/v2.10/avr/bin/../lib/gcc/avr/5.4.0/../../../../avr/lib/avr5/libm.a(mulsf3.o) (__mulsf3x)
/Applications/microchip/xc8/v2.10/avr/bin/../lib/gcc/avr/5.4.0/../../../../avr/lib/avr5/libm.a(fp_inf.o)
                              /Applications/microchip/xc8/v2.10/avr/bin/../lib/gcc/avr/5.4.0/../../../../avr/lib/avr5/libm.a(mulsf3x.o) (__fp_inf)
/Applications/microchip/xc8/v2.10/avr/bin/../lib/gcc/avr/5.4.0/../../../../avr/lib/avr5/libm.a(fp_nan.o)
                              /Applications/microchip/xc8/v2.10/avr/bin/../lib/gcc/avr/5.4.0/../../../../avr/lib/avr5/libm.a(mulsf3x.o) (__fp_nan)
/Applications/microchip/xc8/v2.10/avr/bin/../lib/gcc/avr/5.4.0/../../../../avr/lib/avr5/libm.a(fp_pscA.o)
                              /Applications/microchip/xc8/v2.10/avr/bin/../lib/gcc/avr/5.4.0/../../../../avr/lib/avr5/libm.a(mulsf3x.o) (__fp_pscA)
/Applications/microchip/xc8/v2.10/avr/bin/../lib/gcc/avr/5.4.0/../../../../avr/lib/avr5/libm.a(fp_pscB.o)
                              /Applications/microchip/xc8/v2.10/avr/bin/../lib/gcc/avr/5.4.0/../../../../avr/lib/avr5/libm.a(mulsf3x.o) (__fp_pscB)
/Applications/microchip/xc8/v2.10/avr/bin/../lib/gcc/avr/5.4.0/../../../../avr/lib/avr5/libm.a(fp_round.o)
                              /Applications/microchip/xc8/v2.10/avr/bin/../lib/gcc/avr/5.4.0/../../../../avr/lib/avr5/libm.a(mulsf3.o) (__fp_round)
/Applications/microchip/xc8/v2.10/avr/bin/../lib/gcc/avr/5.4.0/avr5/libgcc.a(_divmodhi4.o)
                              build/default/production/8_3.o (__divmodhi4)
/Applications/microchip/xc8/v2.10/avr/bin/../lib/gcc/avr/5.4.0/avr5/libgcc.a(_exit.o)
                              /Applications/microchip/xc8/v2.10/dfp/gcc/dev/atmega328pb/avr5/crtatmega328pb.o (exit)
/Applications/microchip/xc8/v2.10/avr/bin/../lib/gcc/avr/5.4.0/avr5/libgcc.a(_copy_data.o)
                              build/default/production/8_3.o (__do_copy_data)
/Applications/microchip/xc8/v2.10/avr/bin/../lib/gcc/avr/5.4.0/avr5/libgcc.a(_udivmodhi4.o)
                              /Applications/microchip/xc8/v2.10/avr/bin/../lib/gcc/avr/5.4.0/avr5/libgcc.a(_divmodhi4.o) (__udivmodhi4)
/Applications/microchip/xc8/v2.10/avr/bin/../lib/gcc/avr/5.4.0/../../../../avr/lib/avr5/libc.a(strcmp.o)
                              build/default/production/8_3.o (strcmp)
/Applications/microchip/xc8/v2.10/avr/bin/../lib/gcc/avr/5.4.0/../../../../avr/lib/avr5/libc.a(strstr.o)
                              build/default/production/8_3.o (strstr)
/Applications/microchip/xc8/v2.10/avr/bin/../lib/gcc/avr/5.4.0/../../../../avr/lib/avr5/libc.a(snprintf.o)
                              build/default/production/8_3.o (snprintf)
/Applications/microchip/xc8/v2.10/avr/bin/../lib/gcc/avr/5.4.0/../../../../avr/lib/avr5/libc.a(vfprintf_std.o)
                              /Applications/microchip/xc8/v2.10/avr/bin/../lib/gcc/avr/5.4.0/../../../../avr/lib/avr5/libc.a(snprintf.o) (vfprintf)
/Applications/microchip/xc8/v2.10/avr/bin/../lib/gcc/avr/5.4.0/../../../../avr/lib/avr5/libc.a(strnlen_P.o)
                              /Applications/microchip/xc8/v2.10/avr/bin/../lib/gcc/avr/5.4.0/../../../../avr/lib/avr5/libc.a(vfprintf_std.o) (strnlen_P)
/Applications/microchip/xc8/v2.10/avr/bin/../lib/gcc/avr/5.4.0/../../../../avr/lib/avr5/libc.a(strnlen.o)
                              /Applications/microchip/xc8/v2.10/avr/bin/../lib/gcc/avr/5.4.0/../../../../avr/lib/avr5/libc.a(vfprintf_std.o) (strnlen)
/Applications/microchip/xc8/v2.10/avr/bin/../lib/gcc/avr/5.4.0/../../../../avr/lib/avr5/libc.a(fputc.o)
                              /Applications/microchip/xc8/v2.10/avr/bin/../lib/gcc/avr/5.4.0/../../../../avr/lib/avr5/libc.a(vfprintf_std.o) (fputc)
/Applications/microchip/xc8/v2.10/avr/bin/../lib/gcc/avr/5.4.0/../../../../avr/lib/avr5/libc.a(ultoa_invert.o)
                              /Applications/microchip/xc8/v2.10/avr/bin/../lib/gcc/avr/5.4.0/../../../../avr/lib/avr5/libc.a(vfprintf_std.o) (__ultoa_invert)
/Applications/microchip/xc8/v2.10/avr/bin/../lib/gcc/avr/5.4.0/avr5/libgcc.a(_prologue.o)
                              /Applications/microchip/xc8/v2.10/avr/bin/../lib/gcc/avr/5.4.0/../../../../avr/lib/avr5/libc.a(snprintf.o) (__prologue_saves__)
/Applications/microchip/xc8/v2.10/avr/bin/../lib/gcc/avr/5.4.0/avr5/libgcc.a(_epilogue.o)
                              /Applications/microchip/xc8/v2.10/avr/bin/../lib/gcc/avr/5.4.0/../../../../avr/lib/avr5/libc.a(snprintf.o) (__epilogue_restores__)

Allocating common symbols
Common symbol       size              file

sign                0x1               build/default/production/8_3.o
pressure            0x3               build/default/production/8_3.o
d                   0x6               build/default/production/8_3.o

Discarded input sections

 .data          0x0000000000000000        0x0 /Applications/microchip/xc8/v2.10/dfp/gcc/dev/atmega328pb/avr5/crtatmega328pb.o
 .bss           0x0000000000000000        0x0 /Applications/microchip/xc8/v2.10/dfp/gcc/dev/atmega328pb/avr5/crtatmega328pb.o
 .text          0x0000000000000000        0x0 build/default/production/8_3.o
 .data          0x0000000000000000        0x0 build/default/production/8_3.o
 .bss           0x0000000000000000        0x0 build/default/production/8_3.o
 .text.twi_readAck
                0x0000000000000000       0x16 build/default/production/8_3.o
 .text.one_wire_reset
                0x0000000000000000       0x38 build/default/production/8_3.o
 .text.one_wire_receive_bit
                0x0000000000000000       0x2c build/default/production/8_3.o
 .text.one_wire_transmit_bit
                0x0000000000000000       0x34 build/default/production/8_3.o
 .text.one_wire_receive_byte
                0x0000000000000000       0x32 build/default/production/8_3.o
 .text.one_wire_transmit_byte
                0x0000000000000000       0x36 build/default/production/8_3.o
 .text.read_temp
                0x0000000000000000       0x5c build/default/production/8_3.o
 .text.temp_digits
                0x0000000000000000       0xc0 build/default/production/8_3.o
 .text.output_temp
                0x0000000000000000       0xa8 build/default/production/8_3.o
 .text.pressure_digits
                0x0000000000000000       0x3a build/default/production/8_3.o
 .text.pressure_output
                0x0000000000000000       0x36 build/default/production/8_3.o
 .text.scan_row
                0x0000000000000000       0x22 build/default/production/8_3.o
 .text.scan_keypad
                0x0000000000000000       0x44 build/default/production/8_3.o
 .text.scan_keypad_rising_edge
                0x0000000000000000       0x3c build/default/production/8_3.o
 .text.keypad_to_ascii
                0x0000000000000000       0xd0 build/default/production/8_3.o
 .text.create_payload
                0x0000000000000000       0x5a build/default/production/8_3.o
 .bss.pressed_keys
                0x0000000000000000        0x2 build/default/production/8_3.o
 COMMON         0x0000000000000000        0xa build/default/production/8_3.o
 .text          0x0000000000000000        0x0 /Applications/microchip/xc8/v2.10/avr/bin/../lib/gcc/avr/5.4.0/../../../../avr/lib/avr5/libm.a(fixsfsi.o)
 .data          0x0000000000000000        0x0 /Applications/microchip/xc8/v2.10/avr/bin/../lib/gcc/avr/5.4.0/../../../../avr/lib/avr5/libm.a(fixsfsi.o)
 .bss           0x0000000000000000        0x0 /Applications/microchip/xc8/v2.10/avr/bin/../lib/gcc/avr/5.4.0/../../../../avr/lib/avr5/libm.a(fixsfsi.o)
 .text.avrlibc.fplib
                0x0000000000000000        0xe /Applications/microchip/xc8/v2.10/avr/bin/../lib/gcc/avr/5.4.0/../../../../avr/lib/avr5/libm.a(fixsfsi.o)
 .text          0x0000000000000000        0x0 /Applications/microchip/xc8/v2.10/avr/bin/../lib/gcc/avr/5.4.0/../../../../avr/lib/avr5/libm.a(fixunssfsi.o)
 .data          0x0000000000000000        0x0 /Applications/microchip/xc8/v2.10/avr/bin/../lib/gcc/avr/5.4.0/../../../../avr/lib/avr5/libm.a(fixunssfsi.o)
 .bss           0x0000000000000000        0x0 /Applications/microchip/xc8/v2.10/avr/bin/../lib/gcc/avr/5.4.0/../../../../avr/lib/avr5/libm.a(fixunssfsi.o)
 .text.avrlibc.fplib
                0x0000000000000000       0x5e /Applications/microchip/xc8/v2.10/avr/bin/../lib/gcc/avr/5.4.0/../../../../avr/lib/avr5/libm.a(fixunssfsi.o)
 .text          0x0000000000000000        0x0 /Applications/microchip/xc8/v2.10/avr/bin/../lib/gcc/avr/5.4.0/../../../../avr/lib/avr5/libm.a(floatsisf.o)
 .data          0x0000000000000000        0x0 /Applications/microchip/xc8/v2.10/avr/bin/../lib/gcc/avr/5.4.0/../../../../avr/lib/avr5/libm.a(floatsisf.o)
 .bss           0x0000000000000000        0x0 /Applications/microchip/xc8/v2.10/avr/bin/../lib/gcc/avr/5.4.0/../../../../avr/lib/avr5/libm.a(floatsisf.o)
 .text.avrlibc.fplib
                0x0000000000000000       0x7a /Applications/microchip/xc8/v2.10/avr/bin/../lib/gcc/avr/5.4.0/../../../../avr/lib/avr5/libm.a(floatsisf.o)
 .text          0x0000000000000000        0x0 /Applications/microchip/xc8/v2.10/avr/bin/../lib/gcc/avr/5.4.0/../../../../avr/lib/avr5/libm.a(fp_split3.o)
 .data          0x0000000000000000        0x0 /Applications/microchip/xc8/v2.10/avr/bin/../lib/gcc/avr/5.4.0/../../../../avr/lib/avr5/libm.a(fp_split3.o)
 .bss           0x0000000000000000        0x0 /Applications/microchip/xc8/v2.10/avr/bin/../lib/gcc/avr/5.4.0/../../../../avr/lib/avr5/libm.a(fp_split3.o)
 .text.avrlibc.fplib
                0x0000000000000000       0x44 /Applications/microchip/xc8/v2.10/avr/bin/../lib/gcc/avr/5.4.0/../../../../avr/lib/avr5/libm.a(fp_split3.o)
 .text          0x0000000000000000        0x0 /Applications/microchip/xc8/v2.10/avr/bin/../lib/gcc/avr/5.4.0/../../../../avr/lib/avr5/libm.a(fp_zero.o)
 .data          0x0000000000000000        0x0 /Applications/microchip/xc8/v2.10/avr/bin/../lib/gcc/avr/5.4.0/../../../../avr/lib/avr5/libm.a(fp_zero.o)
 .bss           0x0000000000000000        0x0 /Applications/microchip/xc8/v2.10/avr/bin/../lib/gcc/avr/5.4.0/../../../../avr/lib/avr5/libm.a(fp_zero.o)
 .text.avrlibc.fplib
                0x0000000000000000        0xe /Applications/microchip/xc8/v2.10/avr/bin/../lib/gcc/avr/5.4.0/../../../../avr/lib/avr5/libm.a(fp_zero.o)
 .text          0x0000000000000000        0x0 /Applications/microchip/xc8/v2.10/avr/bin/../lib/gcc/avr/5.4.0/../../../../avr/lib/avr5/libm.a(mulsf3.o)
 .data          0x0000000000000000        0x0 /Applications/microchip/xc8/v2.10/avr/bin/../lib/gcc/avr/5.4.0/../../../../avr/lib/avr5/libm.a(mulsf3.o)
 .bss           0x0000000000000000        0x0 /Applications/microchip/xc8/v2.10/avr/bin/../lib/gcc/avr/5.4.0/../../../../avr/lib/avr5/libm.a(mulsf3.o)
 .text.avrlibc.fplib
                0x0000000000000000        0x8 /Applications/microchip/xc8/v2.10/avr/bin/../lib/gcc/avr/5.4.0/../../../../avr/lib/avr5/libm.a(mulsf3.o)
 .text          0x0000000000000000        0x0 /Applications/microchip/xc8/v2.10/avr/bin/../lib/gcc/avr/5.4.0/../../../../avr/lib/avr5/libm.a(mulsf3x.o)
 .data          0x0000000000000000        0x0 /Applications/microchip/xc8/v2.10/avr/bin/../lib/gcc/avr/5.4.0/../../../../avr/lib/avr5/libm.a(mulsf3x.o)
 .bss           0x0000000000000000        0x0 /Applications/microchip/xc8/v2.10/avr/bin/../lib/gcc/avr/5.4.0/../../../../avr/lib/avr5/libm.a(mulsf3x.o)
 .text.avrlibc.fplib
                0x0000000000000000       0xd2 /Applications/microchip/xc8/v2.10/avr/bin/../lib/gcc/avr/5.4.0/../../../../avr/lib/avr5/libm.a(mulsf3x.o)
 .text          0x0000000000000000        0x0 /Applications/microchip/xc8/v2.10/avr/bin/../lib/gcc/avr/5.4.0/../../../../avr/lib/avr5/libm.a(fp_inf.o)
 .data          0x0000000000000000        0x0 /Applications/microchip/xc8/v2.10/avr/bin/../lib/gcc/avr/5.4.0/../../../../avr/lib/avr5/libm.a(fp_inf.o)
 .bss           0x0000000000000000        0x0 /Applications/microchip/xc8/v2.10/avr/bin/../lib/gcc/avr/5.4.0/../../../../avr/lib/avr5/libm.a(fp_inf.o)
 .text.avrlibc.fplib
                0x0000000000000000        0xc /Applications/microchip/xc8/v2.10/avr/bin/../lib/gcc/avr/5.4.0/../../../../avr/lib/avr5/libm.a(fp_inf.o)
 .text          0x0000000000000000        0x0 /Applications/microchip/xc8/v2.10/avr/bin/../lib/gcc/avr/5.4.0/../../../../avr/lib/avr5/libm.a(fp_nan.o)
 .data          0x0000000000000000        0x0 /Applications/microchip/xc8/v2.10/avr/bin/../lib/gcc/avr/5.4.0/../../../../avr/lib/avr5/libm.a(fp_nan.o)
 .bss           0x0000000000000000        0x0 /Applications/microchip/xc8/v2.10/avr/bin/../lib/gcc/avr/5.4.0/../../../../avr/lib/avr5/libm.a(fp_nan.o)
 .text.avrlibc.fplib
                0x0000000000000000        0x6 /Applications/microchip/xc8/v2.10/avr/bin/../lib/gcc/avr/5.4.0/../../../../avr/lib/avr5/libm.a(fp_nan.o)
 .text          0x0000000000000000        0x0 /Applications/microchip/xc8/v2.10/avr/bin/../lib/gcc/avr/5.4.0/../../../../avr/lib/avr5/libm.a(fp_pscA.o)
 .data          0x0000000000000000        0x0 /Applications/microchip/xc8/v2.10/avr/bin/../lib/gcc/avr/5.4.0/../../../../avr/lib/avr5/libm.a(fp_pscA.o)
 .bss           0x0000000000000000        0x0 /Applications/microchip/xc8/v2.10/avr/bin/../lib/gcc/avr/5.4.0/../../../../avr/lib/avr5/libm.a(fp_pscA.o)
 .text.avrlibc.fplib
                0x0000000000000000        0xe /Applications/microchip/xc8/v2.10/avr/bin/../lib/gcc/avr/5.4.0/../../../../avr/lib/avr5/libm.a(fp_pscA.o)
 .text          0x0000000000000000        0x0 /Applications/microchip/xc8/v2.10/avr/bin/../lib/gcc/avr/5.4.0/../../../../avr/lib/avr5/libm.a(fp_pscB.o)
 .data          0x0000000000000000        0x0 /Applications/microchip/xc8/v2.10/avr/bin/../lib/gcc/avr/5.4.0/../../../../avr/lib/avr5/libm.a(fp_pscB.o)
 .bss           0x0000000000000000        0x0 /Applications/microchip/xc8/v2.10/avr/bin/../lib/gcc/avr/5.4.0/../../../../avr/lib/avr5/libm.a(fp_pscB.o)
 .text.avrlibc.fplib
                0x0000000000000000        0xe /Applications/microchip/xc8/v2.10/avr/bin/../lib/gcc/avr/5.4.0/../../../../avr/lib/avr5/libm.a(fp_pscB.o)
 .text          0x0000000000000000        0x0 /Applications/microchip/xc8/v2.10/avr/bin/../lib/gcc/avr/5.4.0/../../../../avr/lib/avr5/libm.a(fp_round.o)
 .data          0x0000000000000000        0x0 /Applications/microchip/xc8/v2.10/avr/bin/../lib/gcc/avr/5.4.0/../../../../avr/lib/avr5/libm.a(fp_round.o)
 .bss           0x0000000000000000        0x0 /Applications/microchip/xc8/v2.10/avr/bin/../lib/gcc/avr/5.4.0/../../../../avr/lib/avr5/libm.a(fp_round.o)
 .text.avrlibc.fplib
                0x0000000000000000       0x22 /Applications/microchip/xc8/v2.10/avr/bin/../lib/gcc/avr/5.4.0/../../../../avr/lib/avr5/libm.a(fp_round.o)
 .text          0x0000000000000000        0x0 /Applications/microchip/xc8/v2.10/avr/bin/../lib/gcc/avr/5.4.0/avr5/libgcc.a(_divmodhi4.o)
 .data          0x0000000000000000        0x0 /Applications/microchip/xc8/v2.10/avr/bin/../lib/gcc/avr/5.4.0/avr5/libgcc.a(_divmodhi4.o)
 .bss           0x0000000000000000        0x0 /Applications/microchip/xc8/v2.10/avr/bin/../lib/gcc/avr/5.4.0/avr5/libgcc.a(_divmodhi4.o)
 .text.libgcc.mul
                0x0000000000000000        0x0 /Applications/microchip/xc8/v2.10/avr/bin/../lib/gcc/avr/5.4.0/avr5/libgcc.a(_divmodhi4.o)
 .text.libgcc.div
                0x0000000000000000       0x28 /Applications/microchip/xc8/v2.10/avr/bin/../lib/gcc/avr/5.4.0/avr5/libgcc.a(_divmodhi4.o)
 .text.libgcc   0x0000000000000000        0x0 /Applications/microchip/xc8/v2.10/avr/bin/../lib/gcc/avr/5.4.0/avr5/libgcc.a(_divmodhi4.o)
 .text.libgcc.prologue
                0x0000000000000000        0x0 /Applications/microchip/xc8/v2.10/avr/bin/../lib/gcc/avr/5.4.0/avr5/libgcc.a(_divmodhi4.o)
 .text.libgcc.builtins
                0x0000000000000000        0x0 /Applications/microchip/xc8/v2.10/avr/bin/../lib/gcc/avr/5.4.0/avr5/libgcc.a(_divmodhi4.o)
 .text.libgcc.fmul
                0x0000000000000000        0x0 /Applications/microchip/xc8/v2.10/avr/bin/../lib/gcc/avr/5.4.0/avr5/libgcc.a(_divmodhi4.o)
 .text.libgcc.fixed
                0x0000000000000000        0x0 /Applications/microchip/xc8/v2.10/avr/bin/../lib/gcc/avr/5.4.0/avr5/libgcc.a(_divmodhi4.o)
 .text          0x0000000000000000        0x0 /Applications/microchip/xc8/v2.10/avr/bin/../lib/gcc/avr/5.4.0/avr5/libgcc.a(_exit.o)
 .data          0x0000000000000000        0x0 /Applications/microchip/xc8/v2.10/avr/bin/../lib/gcc/avr/5.4.0/avr5/libgcc.a(_exit.o)
 .bss           0x0000000000000000        0x0 /Applications/microchip/xc8/v2.10/avr/bin/../lib/gcc/avr/5.4.0/avr5/libgcc.a(_exit.o)
 .text.libgcc.mul
                0x0000000000000000        0x0 /Applications/microchip/xc8/v2.10/avr/bin/../lib/gcc/avr/5.4.0/avr5/libgcc.a(_exit.o)
 .text.libgcc.div
                0x0000000000000000        0x0 /Applications/microchip/xc8/v2.10/avr/bin/../lib/gcc/avr/5.4.0/avr5/libgcc.a(_exit.o)
 .text.libgcc   0x0000000000000000        0x0 /Applications/microchip/xc8/v2.10/avr/bin/../lib/gcc/avr/5.4.0/avr5/libgcc.a(_exit.o)
 .text.libgcc.prologue
                0x0000000000000000        0x0 /Applications/microchip/xc8/v2.10/avr/bin/../lib/gcc/avr/5.4.0/avr5/libgcc.a(_exit.o)
 .text.libgcc.builtins
                0x0000000000000000        0x0 /Applications/microchip/xc8/v2.10/avr/bin/../lib/gcc/avr/5.4.0/avr5/libgcc.a(_exit.o)
 .text.libgcc.fmul
                0x0000000000000000        0x0 /Applications/microchip/xc8/v2.10/avr/bin/../lib/gcc/avr/5.4.0/avr5/libgcc.a(_exit.o)
 .text.libgcc.fixed
                0x0000000000000000        0x0 /Applications/microchip/xc8/v2.10/avr/bin/../lib/gcc/avr/5.4.0/avr5/libgcc.a(_exit.o)
 .text          0x0000000000000000        0x0 /Applications/microchip/xc8/v2.10/avr/bin/../lib/gcc/avr/5.4.0/avr5/libgcc.a(_copy_data.o)
 .data          0x0000000000000000        0x0 /Applications/microchip/xc8/v2.10/avr/bin/../lib/gcc/avr/5.4.0/avr5/libgcc.a(_copy_data.o)
 .bss           0x0000000000000000        0x0 /Applications/microchip/xc8/v2.10/avr/bin/../lib/gcc/avr/5.4.0/avr5/libgcc.a(_copy_data.o)
 .text.libgcc.mul
                0x0000000000000000        0x0 /Applications/microchip/xc8/v2.10/avr/bin/../lib/gcc/avr/5.4.0/avr5/libgcc.a(_copy_data.o)
 .text.libgcc.div
                0x0000000000000000        0x0 /Applications/microchip/xc8/v2.10/avr/bin/../lib/gcc/avr/5.4.0/avr5/libgcc.a(_copy_data.o)
 .text.libgcc   0x0000000000000000        0x0 /Applications/microchip/xc8/v2.10/avr/bin/../lib/gcc/avr/5.4.0/avr5/libgcc.a(_copy_data.o)
 .text.libgcc.prologue
                0x0000000000000000        0x0 /Applications/microchip/xc8/v2.10/avr/bin/../lib/gcc/avr/5.4.0/avr5/libgcc.a(_copy_data.o)
 .text.libgcc.builtins
                0x0000000000000000        0x0 /Applications/microchip/xc8/v2.10/avr/bin/../lib/gcc/avr/5.4.0/avr5/libgcc.a(_copy_data.o)
 .text.libgcc.fmul
                0x0000000000000000        0x0 /Applications/microchip/xc8/v2.10/avr/bin/../lib/gcc/avr/5.4.0/avr5/libgcc.a(_copy_data.o)
 .text.libgcc.fixed
                0x0000000000000000        0x0 /Applications/microchip/xc8/v2.10/avr/bin/../lib/gcc/avr/5.4.0/avr5/libgcc.a(_copy_data.o)
 .text          0x0000000000000000        0x0 /Applications/microchip/xc8/v2.10/avr/bin/../lib/gcc/avr/5.4.0/avr5/libgcc.a(_udivmodhi4.o)
 .data          0x0000000000000000        0x0 /Applications/microchip/xc8/v2.10/avr/bin/../lib/gcc/avr/5.4.0/avr5/libgcc.a(_udivmodhi4.o)
 .bss           0x0000000000000000        0x0 /Applications/microchip/xc8/v2.10/avr/bin/../lib/gcc/avr/5.4.0/avr5/libgcc.a(_udivmodhi4.o)
 .text.libgcc.mul
                0x0000000000000000        0x0 /Applications/microchip/xc8/v2.10/avr/bin/../lib/gcc/avr/5.4.0/avr5/libgcc.a(_udivmodhi4.o)
 .text.libgcc.div
                0x0000000000000000       0x28 /Applications/microchip/xc8/v2.10/avr/bin/../lib/gcc/avr/5.4.0/avr5/libgcc.a(_udivmodhi4.o)
 .text.libgcc   0x0000000000000000        0x0 /Applications/microchip/xc8/v2.10/avr/bin/../lib/gcc/avr/5.4.0/avr5/libgcc.a(_udivmodhi4.o)
 .text.libgcc.prologue
                0x0000000000000000        0x0 /Applications/microchip/xc8/v2.10/avr/bin/../lib/gcc/avr/5.4.0/avr5/libgcc.a(_udivmodhi4.o)
 .text.libgcc.builtins
                0x0000000000000000        0x0 /Applications/microchip/xc8/v2.10/avr/bin/../lib/gcc/avr/5.4.0/avr5/libgcc.a(_udivmodhi4.o)
 .text.libgcc.fmul
                0x0000000000000000        0x0 /Applications/microchip/xc8/v2.10/avr/bin/../lib/gcc/avr/5.4.0/avr5/libgcc.a(_udivmodhi4.o)
 .text.libgcc.fixed
                0x0000000000000000        0x0 /Applications/microchip/xc8/v2.10/avr/bin/../lib/gcc/avr/5.4.0/avr5/libgcc.a(_udivmodhi4.o)
 .text          0x0000000000000000        0x0 /Applications/microchip/xc8/v2.10/avr/bin/../lib/gcc/avr/5.4.0/../../../../avr/lib/avr5/libc.a(strcmp.o)
 .data          0x0000000000000000        0x0 /Applications/microchip/xc8/v2.10/avr/bin/../lib/gcc/avr/5.4.0/../../../../avr/lib/avr5/libc.a(strcmp.o)
 .bss           0x0000000000000000        0x0 /Applications/microchip/xc8/v2.10/avr/bin/../lib/gcc/avr/5.4.0/../../../../avr/lib/avr5/libc.a(strcmp.o)
 .text          0x0000000000000000        0x0 /Applications/microchip/xc8/v2.10/avr/bin/../lib/gcc/avr/5.4.0/../../../../avr/lib/avr5/libc.a(strstr.o)
 .data          0x0000000000000000        0x0 /Applications/microchip/xc8/v2.10/avr/bin/../lib/gcc/avr/5.4.0/../../../../avr/lib/avr5/libc.a(strstr.o)
 .bss           0x0000000000000000        0x0 /Applications/microchip/xc8/v2.10/avr/bin/../lib/gcc/avr/5.4.0/../../../../avr/lib/avr5/libc.a(strstr.o)
 .text          0x0000000000000000        0x0 /Applications/microchip/xc8/v2.10/avr/bin/../lib/gcc/avr/5.4.0/../../../../avr/lib/avr5/libc.a(snprintf.o)
 .data          0x0000000000000000        0x0 /Applications/microchip/xc8/v2.10/avr/bin/../lib/gcc/avr/5.4.0/../../../../avr/lib/avr5/libc.a(snprintf.o)
 .bss           0x0000000000000000        0x0 /Applications/microchip/xc8/v2.10/avr/bin/../lib/gcc/avr/5.4.0/../../../../avr/lib/avr5/libc.a(snprintf.o)
 .text          0x0000000000000000        0x0 /Applications/microchip/xc8/v2.10/avr/bin/../lib/gcc/avr/5.4.0/../../../../avr/lib/avr5/libc.a(vfprintf_std.o)
 .data          0x0000000000000000        0x0 /Applications/microchip/xc8/v2.10/avr/bin/../lib/gcc/avr/5.4.0/../../../../avr/lib/avr5/libc.a(vfprintf_std.o)
 .bss           0x0000000000000000        0x0 /Applications/microchip/xc8/v2.10/avr/bin/../lib/gcc/avr/5.4.0/../../../../avr/lib/avr5/libc.a(vfprintf_std.o)
 .text          0x0000000000000000        0x0 /Applications/microchip/xc8/v2.10/avr/bin/../lib/gcc/avr/5.4.0/../../../../avr/lib/avr5/libc.a(strnlen_P.o)
 .data          0x0000000000000000        0x0 /Applications/microchip/xc8/v2.10/avr/bin/../lib/gcc/avr/5.4.0/../../../../avr/lib/avr5/libc.a(strnlen_P.o)
 .bss           0x0000000000000000        0x0 /Applications/microchip/xc8/v2.10/avr/bin/../lib/gcc/avr/5.4.0/../../../../avr/lib/avr5/libc.a(strnlen_P.o)
 .text          0x0000000000000000        0x0 /Applications/microchip/xc8/v2.10/avr/bin/../lib/gcc/avr/5.4.0/../../../../avr/lib/avr5/libc.a(strnlen.o)
 .data          0x0000000000000000        0x0 /Applications/microchip/xc8/v2.10/avr/bin/../lib/gcc/avr/5.4.0/../../../../avr/lib/avr5/libc.a(strnlen.o)
 .bss           0x0000000000000000        0x0 /Applications/microchip/xc8/v2.10/avr/bin/../lib/gcc/avr/5.4.0/../../../../avr/lib/avr5/libc.a(strnlen.o)
 .text          0x0000000000000000        0x0 /Applications/microchip/xc8/v2.10/avr/bin/../lib/gcc/avr/5.4.0/../../../../avr/lib/avr5/libc.a(fputc.o)
 .data          0x0000000000000000        0x0 /Applications/microchip/xc8/v2.10/avr/bin/../lib/gcc/avr/5.4.0/../../../../avr/lib/avr5/libc.a(fputc.o)
 .bss           0x0000000000000000        0x0 /Applications/microchip/xc8/v2.10/avr/bin/../lib/gcc/avr/5.4.0/../../../../avr/lib/avr5/libc.a(fputc.o)
 .text          0x0000000000000000        0x0 /Applications/microchip/xc8/v2.10/avr/bin/../lib/gcc/avr/5.4.0/../../../../avr/lib/avr5/libc.a(ultoa_invert.o)
 .data          0x0000000000000000        0x0 /Applications/microchip/xc8/v2.10/avr/bin/../lib/gcc/avr/5.4.0/../../../../avr/lib/avr5/libc.a(ultoa_invert.o)
 .bss           0x0000000000000000        0x0 /Applications/microchip/xc8/v2.10/avr/bin/../lib/gcc/avr/5.4.0/../../../../avr/lib/avr5/libc.a(ultoa_invert.o)
 .text          0x0000000000000000        0x0 /Applications/microchip/xc8/v2.10/avr/bin/../lib/gcc/avr/5.4.0/avr5/libgcc.a(_prologue.o)
 .data          0x0000000000000000        0x0 /Applications/microchip/xc8/v2.10/avr/bin/../lib/gcc/avr/5.4.0/avr5/libgcc.a(_prologue.o)
 .bss           0x0000000000000000        0x0 /Applications/microchip/xc8/v2.10/avr/bin/../lib/gcc/avr/5.4.0/avr5/libgcc.a(_prologue.o)
 .text.libgcc.mul
                0x0000000000000000        0x0 /Applications/microchip/xc8/v2.10/avr/bin/../lib/gcc/avr/5.4.0/avr5/libgcc.a(_prologue.o)
 .text.libgcc.div
                0x0000000000000000        0x0 /Applications/microchip/xc8/v2.10/avr/bin/../lib/gcc/avr/5.4.0/avr5/libgcc.a(_prologue.o)
 .text.libgcc   0x0000000000000000        0x0 /Applications/microchip/xc8/v2.10/avr/bin/../lib/gcc/avr/5.4.0/avr5/libgcc.a(_prologue.o)
 .text.libgcc.builtins
                0x0000000000000000        0x0 /Applications/microchip/xc8/v2.10/avr/bin/../lib/gcc/avr/5.4.0/avr5/libgcc.a(_prologue.o)
 .text.libgcc.fmul
                0x0000000000000000        0x0 /Applications/microchip/xc8/v2.10/avr/bin/../lib/gcc/avr/5.4.0/avr5/libgcc.a(_prologue.o)
 .text.libgcc.fixed
                0x0000000000000000        0x0 /Applications/microchip/xc8/v2.10/avr/bin/../lib/gcc/avr/5.4.0/avr5/libgcc.a(_prologue.o)
 .text          0x0000000000000000        0x0 /Applications/microchip/xc8/v2.10/avr/bin/../lib/gcc/avr/5.4.0/avr5/libgcc.a(_epilogue.o)
 .data          0x0000000000000000        0x0 /Applications/microchip/xc8/v2.10/avr/bin/../lib/gcc/avr/5.4.0/avr5/libgcc.a(_epilogue.o)
 .bss           0x0000000000000000        0x0 /Applications/microchip/xc8/v2.10/avr/bin/../lib/gcc/avr/5.4.0/avr5/libgcc.a(_epilogue.o)
 .text.libgcc.mul
                0x0000000000000000        0x0 /Applications/microchip/xc8/v2.10/avr/bin/../lib/gcc/avr/5.4.0/avr5/libgcc.a(_epilogue.o)
 .text.libgcc.div
                0x0000000000000000        0x0 /Applications/microchip/xc8/v2.10/avr/bin/../lib/gcc/avr/5.4.0/avr5/libgcc.a(_epilogue.o)
 .text.libgcc   0x0000000000000000        0x0 /Applications/microchip/xc8/v2.10/avr/bin/../lib/gcc/avr/5.4.0/avr5/libgcc.a(_epilogue.o)
 .text.libgcc.builtins
                0x0000000000000000        0x0 /Applications/microchip/xc8/v2.10/avr/bin/../lib/gcc/avr/5.4.0/avr5/libgcc.a(_epilogue.o)
 .text.libgcc.fmul
                0x0000000000000000        0x0 /Applications/microchip/xc8/v2.10/avr/bin/../lib/gcc/avr/5.4.0/avr5/libgcc.a(_epilogue.o)
 .text.libgcc.fixed
                0x0000000000000000        0x0 /Applications/microchip/xc8/v2.10/avr/bin/../lib/gcc/avr/5.4.0/avr5/libgcc.a(_epilogue.o)

Memory Configuration

Name             Origin             Length             Attributes
text             0x0000000000000000 0x0000000000008000 xr
data             0x0000000000800100 0x0000000000000800 rw !x
eeprom           0x0000000000810000 0x0000000000000400 rw !x
fuse             0x0000000000820000 0x0000000000000003 rw !x
lock             0x0000000000830000 0x0000000000000400 rw !x
signature        0x0000000000840000 0x0000000000000400 rw !x
user_signatures  0x0000000000850000 0x0000000000000400 rw !x
*default*        0x0000000000000000 0xffffffffffffffff

Linker script and memory map

Address of section .data set to 0x800100
LOAD /Applications/microchip/xc8/v2.10/dfp/gcc/dev/atmega328pb/avr5/crtatmega328pb.o
                0x0000000000000001                __MPLAB_BUILD = 0x1
LOAD build/default/production/8_3.o
START GROUP
LOAD /Applications/microchip/xc8/v2.10/avr/bin/../lib/gcc/avr/5.4.0/../../../../avr/lib/avr5/libm.a
END GROUP
START GROUP
LOAD /Applications/microchip/xc8/v2.10/avr/bin/../lib/gcc/avr/5.4.0/avr5/libgcc.a
LOAD /Applications/microchip/xc8/v2.10/avr/bin/../lib/gcc/avr/5.4.0/../../../../avr/lib/avr5/libm.a
LOAD /Applications/microchip/xc8/v2.10/avr/bin/../lib/gcc/avr/5.4.0/../../../../avr/lib/avr5/libc.a
LOAD /Applications/microchip/xc8/v2.10/dfp/gcc/dev/atmega328pb/avr5/libatmega328pb.a
END GROUP
                [0x0000000000000000]                __TEXT_REGION_ORIGIN__ = DEFINED (__TEXT_REGION_ORIGIN__)?__TEXT_REGION_ORIGIN__:0x0
                [0x0000000000800100]                __DATA_REGION_ORIGIN__ = DEFINED (__DATA_REGION_ORIGIN__)?__DATA_REGION_ORIGIN__:0x800060
                [0x0000000000008000]                __TEXT_REGION_LENGTH__ = DEFINED (__TEXT_REGION_LENGTH__)?__TEXT_REGION_LENGTH__:0x20000
                [0x0000000000000800]                __DATA_REGION_LENGTH__ = DEFINED (__DATA_REGION_LENGTH__)?__DATA_REGION_LENGTH__:0xffa0
                [0x0000000000000400]                __EEPROM_REGION_LENGTH__ = DEFINED (__EEPROM_REGION_LENGTH__)?__EEPROM_REGION_LENGTH__:0x10000
                [0x0000000000000003]                __FUSE_REGION_LENGTH__ = DEFINED (__FUSE_REGION_LENGTH__)?__FUSE_REGION_LENGTH__:0x400
                0x0000000000000400                __LOCK_REGION_LENGTH__ = DEFINED (__LOCK_REGION_LENGTH__)?__LOCK_REGION_LENGTH__:0x400
                0x0000000000000400                __SIGNATURE_REGION_LENGTH__ = DEFINED (__SIGNATURE_REGION_LENGTH__)?__SIGNATURE_REGION_LENGTH__:0x400
                0x0000000000000400                __USER_SIGNATURE_REGION_LENGTH__ = DEFINED (__USER_SIGNATURE_REGION_LENGTH__)?__USER_SIGNATURE_REGION_LENGTH__:0x400

.hash
 *(.hash)

.dynsym
 *(.dynsym)

.dynstr
 *(.dynstr)

.gnu.version
 *(.gnu.version)

.gnu.version_d
 *(.gnu.version_d)

.gnu.version_r
 *(.gnu.version_r)

.rel.init
 *(.rel.init)

.rela.init
 *(.rela.init)

.rel.text
 *(.rel.text)
 *(.rel.text.*)
 *(.rel.gnu.linkonce.t*)

.rela.text
 *(.rela.text)
 *(.rela.text.*)
 *(.rela.gnu.linkonce.t*)

.rel.fini
 *(.rel.fini)

.rela.fini
 *(.rela.fini)

.rel.rodata
 *(.rel.rodata)
 *(.rel.rodata.*)
 *(.rel.gnu.linkonce.r*)

.rela.rodata
 *(.rela.rodata)
 *(.rela.rodata.*)
 *(.rela.gnu.linkonce.r*)

.rel.data
 *(.rel.data)
 *(.rel.data.*)
 *(.rel.gnu.linkonce.d*)

.rela.data
 *(.rela.data)
 *(.rela.data.*)
 *(.rela.gnu.linkonce.d*)

.rel.ctors
 *(.rel.ctors)

.rela.ctors
 *(.rela.ctors)

.rel.dtors
 *(.rel.dtors)

.rela.dtors
 *(.rela.dtors)

.rel.got
 *(.rel.got)

.rela.got
 *(.rela.got)

.rel.bss
 *(.rel.bss)

.rela.bss
 *(.rela.bss)

.rel.plt
 *(.rel.plt)

.rela.plt
 *(.rela.plt)

.text           0x0000000000000000      0x110
 *(.vectors)
 .vectors       0x0000000000000000       0xb4 /Applications/microchip/xc8/v2.10/dfp/gcc/dev/atmega328pb/avr5/crtatmega328pb.o
                0x0000000000000000                __vectors
                0x0000000000000000                __vector_default
 *(.vectors)
 *(.progmem.gcc*)
 *(.dinit)
 .dinit         0x00000000000000b4        0x7 data_init
                0x00000000000000bc                . = ALIGN (0x2)
 *fill*         0x00000000000000bb        0x1 
                0x00000000000000bc                __trampolines_start = .
 *(.trampolines)
 .trampolines   0x00000000000000bc        0x0 linker stubs
 *(.trampolines*)
                0x00000000000000bc                __trampolines_end = .
 *libprintf_flt.a:*(.progmem.data)
 *libc.a:*(.progmem.data)
                0x00000000000000bc                . = ALIGN (0x2)
 *(.jumptables)
 *(.jumptables*)
 *(.lowtext)
 *(.lowtext*)
                0x00000000000000bc                __ctors_start = .
 *(.ctors)
                0x00000000000000bc                __ctors_end = .
                0x00000000000000bc                __dtors_start = .
 *(.dtors)
                0x00000000000000bc                __dtors_end = .
 SORT(*)(.ctors)
 SORT(*)(.dtors)
 *(.init0)
 .init0         0x00000000000000bc        0x0 /Applications/microchip/xc8/v2.10/dfp/gcc/dev/atmega328pb/avr5/crtatmega328pb.o
                0x00000000000000bc                __init
 *(.init0)
 *(.init1)
 *(.init1)
 *(.init2)
 .init2         0x00000000000000bc        0xc /Applications/microchip/xc8/v2.10/dfp/gcc/dev/atmega328pb/avr5/crtatmega328pb.o
 *(.init2)
 *(.init3)
 *(.init3)
 *(.init4)
 .init4         0x00000000000000c8       0x3c /Applications/microchip/xc8/v2.10/avr/bin/../lib/gcc/avr/5.4.0/avr5/libgcc.a(_copy_data.o)
                0x00000000000000c8                __do_copy_data
                0x00000000000000f6                __do_clear_bss
 *(.init4)
 *(.init5)
 *(.init5)
 *(.init6)
 *(.init6)
 *(.init7)
 *(.init7)
 *(.init8)
 *(.init8)
 *(.init9)
 .init9         0x0000000000000104        0x8 /Applications/microchip/xc8/v2.10/dfp/gcc/dev/atmega328pb/avr5/crtatmega328pb.o
 *(.init9)
                0x000000000000010c                . = ALIGN (0x2)
 *(.fini9)
 .fini9         0x000000000000010c        0x0 /Applications/microchip/xc8/v2.10/avr/bin/../lib/gcc/avr/5.4.0/avr5/libgcc.a(_exit.o)
                0x000000000000010c                exit
                0x000000000000010c                _exit
 *(.fini9)
 *(.fini8)
 *(.fini8)
 *(.fini7)
 *(.fini7)
 *(.fini6)
 *(.fini6)
 *(.fini5)
 *(.fini5)
 *(.fini4)
 *(.fini4)
 *(.fini3)
 *(.fini3)
 *(.fini2)
 *(.fini2)
 *(.fini1)
 *(.fini1)
 *(.fini0)
 .fini0         0x000000000000010c        0x4 /Applications/microchip/xc8/v2.10/avr/bin/../lib/gcc/avr/5.4.0/avr5/libgcc.a(_exit.o)
 *(.fini0)
                0x0000000000000110                _etext = .

.data           0x0000000000800100        0x0 load address 0x0000000000000110
                [!provide]                        PROVIDE (__data_start, .)
 *(.gnu.linkonce.d*)
 *(.gnu.linkonce.r*)
                0x0000000000800100                . = ALIGN (0x2)
                0x0000000000800100                _edata = .
                [!provide]                        PROVIDE (__data_end, .)

.bss            0x0000000000800100        0x0
                [!provide]                        PROVIDE (__bss_start, .)
 *(COMMON)
                [!provide]                        PROVIDE (__bss_end, .)
                0x0000000000000110                __data_load_start = LOADADDR (.data)
                0x0000000000000110                __data_load_end = (__data_load_start + SIZEOF (.data))

.noinit         0x0000000000800100        0x0
                [!provide]                        PROVIDE (__noinit_start, .)
 *(.noinit*)
                [!provide]                        PROVIDE (__noinit_end, .)
                0x0000000000800100                _end = .

.eeprom         0x0000000000810000        0x0
 *(.eeprom*)
                0x0000000000810000                __eeprom_end = .

.fuse
 *(.fuse)
 *(.lfuse)
 *(.hfuse)
 *(.efuse)

.lock
 *(.lock*)

.signature
 *(.signature*)

.user_signatures
 *(.user_signatures*)

.stab
 *(.stab)

.stabstr
 *(.stabstr)

.stab.excl
 *(.stab.excl)

.stab.exclstr
 *(.stab.exclstr)

.stab.index
 *(.stab.index)

.stab.indexstr
 *(.stab.indexstr)

.comment        0x0000000000000000       0x5b
 *(.comment)
 .comment       0x0000000000000000       0x2f build/default/production/8_3.o
                                         0x30 (size before relaxing)
 .comment       0x000000000000002f       0x2c /Applications/microchip/xc8/v2.10/avr/bin/../lib/gcc/avr/5.4.0/../../../../avr/lib/avr5/libc.a(snprintf.o)
                                         0x2d (size before relaxing)
 .comment       0x000000000000005b       0x2d /Applications/microchip/xc8/v2.10/avr/bin/../lib/gcc/avr/5.4.0/../../../../avr/lib/avr5/libc.a(vfprintf_std.o)
 .comment       0x000000000000005b       0x2d /Applications/microchip/xc8/v2.10/avr/bin/../lib/gcc/avr/5.4.0/../../../../avr/lib/avr5/libc.a(fputc.o)

.note.gnu.build-id
 *(.note.gnu.build-id)

.debug
 *(.debug)

.line
 *(.line)

.debug_srcinfo
 *(.debug_srcinfo)

.debug_sfnames
 *(.debug_sfnames)

.debug_aranges  0x0000000000000000      0x148
 *(.debug_aranges)
 .debug_aranges
                0x0000000000000000      0x148 build/default/production/8_3.o

.debug_pubnames
 *(.debug_pubnames)

.debug_info     0x0000000000000000     0x2110
 *(.debug_info .gnu.linkonce.wi.*)
 .debug_info    0x0000000000000000      0x8ea /Applications/microchip/xc8/v2.10/dfp/gcc/dev/atmega328pb/avr5/crtatmega328pb.o
 .debug_info    0x00000000000008ea     0x1826 build/default/production/8_3.o

.debug_abbrev   0x0000000000000000      0xc13
 *(.debug_abbrev)
 .debug_abbrev  0x0000000000000000      0x86e /Applications/microchip/xc8/v2.10/dfp/gcc/dev/atmega328pb/avr5/crtatmega328pb.o
 .debug_abbrev  0x000000000000086e      0x3a5 build/default/production/8_3.o

.debug_line     0x0000000000000000      0xd4f
 *(.debug_line .debug_line.* .debug_line_end)
 .debug_line    0x0000000000000000      0x1a5 /Applications/microchip/xc8/v2.10/dfp/gcc/dev/atmega328pb/avr5/crtatmega328pb.o
 .debug_line    0x00000000000001a5      0xbaa build/default/production/8_3.o

.debug_frame    0x0000000000000000      0x410
 *(.debug_frame)
 .debug_frame   0x0000000000000000      0x410 build/default/production/8_3.o

.debug_str      0x0000000000000000      0x360
 *(.debug_str)
 .debug_str     0x0000000000000000      0x318 /Applications/microchip/xc8/v2.10/dfp/gcc/dev/atmega328pb/avr5/crtatmega328pb.o
 .debug_str     0x0000000000000318       0x48 build/default/production/8_3.o

.debug_loc      0x0000000000000000      0xf5d
 *(.debug_loc)
 .debug_loc     0x0000000000000000      0xf5d build/default/production/8_3.o

.debug_macinfo
 *(.debug_macinfo)

.debug_weaknames
 *(.debug_weaknames)

.debug_funcnames
 *(.debug_funcnames)

.debug_typenames
 *(.debug_typenames)

.debug_varnames
 *(.debug_varnames)

.debug_pubtypes
 *(.debug_pubtypes)

.debug_ranges   0x0000000000000000      0x138
 *(.debug_ranges)
 .debug_ranges  0x0000000000000000      0x138 build/default/production/8_3.o

.debug_macro
 *(.debug_macro)
OUTPUT(dist/default/production/8_3.X.production.elf elf32-avr)
LOAD linker stubs
LOAD data_init

.note.gnu.avr.deviceinfo
                0x0000000000000000       0x40
 .note.gnu.avr.deviceinfo
                0x0000000000000000       0x40 /Applications/microchip/xc8/v2.10/dfp/gcc/dev/atmega328pb/avr5/crtatmega328pb.o

.text.avrlibc   0x0000000000000110      0x3c2
 .text.avrlibc  0x0000000000000110      0x3c2 /Applications/microchip/xc8/v2.10/avr/bin/../lib/gcc/avr/5.4.0/../../../../avr/lib/avr5/libc.a(vfprintf_std.o)
                0x0000000000000110                vfprintf

.text.main      0x00000000000004d2       0xc2
 .text.main     0x00000000000004d2       0xc2 build/default/production/8_3.o
                0x00000000000004d2                main

.text.avrlibc   0x0000000000000594       0xbc
 .text.avrlibc  0x0000000000000594       0xbc /Applications/microchip/xc8/v2.10/avr/bin/../lib/gcc/avr/5.4.0/../../../../avr/lib/avr5/libc.a(ultoa_invert.o)
                0x0000000000000594                __ultoa_invert

.text.pca_lcd_init
                0x0000000000000650       0xaa
 .text.pca_lcd_init
                0x0000000000000650       0xaa build/default/production/8_3.o
                0x0000000000000650                pca_lcd_init

.text.pca_write_2_nibbles
                0x00000000000006fa       0x7c
 .text.pca_write_2_nibbles
                0x00000000000006fa       0x7c build/default/production/8_3.o
                0x00000000000006fa                pca_write_2_nibbles

.text.check     0x0000000000000776       0x78
 .text.check    0x0000000000000776       0x78 build/default/production/8_3.o
                0x0000000000000776                check

.text.avrlibc   0x00000000000007ee       0x78
 .text.avrlibc  0x00000000000007ee       0x78 /Applications/microchip/xc8/v2.10/avr/bin/../lib/gcc/avr/5.4.0/../../../../avr/lib/avr5/libc.a(fputc.o)
                0x00000000000007ee                fputc

.text.avrlibc   0x0000000000000866       0x60
 .text.avrlibc  0x0000000000000866       0x60 /Applications/microchip/xc8/v2.10/avr/bin/../lib/gcc/avr/5.4.0/../../../../avr/lib/avr5/libc.a(snprintf.o)
                0x0000000000000866                snprintf

.text.twi_start_wait
                0x00000000000008c6       0x50
 .text.twi_start_wait
                0x00000000000008c6       0x50 build/default/production/8_3.o
                0x00000000000008c6                twi_start_wait

.text.twi_start
                0x0000000000000916       0x4e
 .text.twi_start
                0x0000000000000916       0x4e build/default/production/8_3.o
                0x0000000000000916                twi_start

.text.receive_word
                0x0000000000000964       0x46
 .text.receive_word
                0x0000000000000964       0x46 build/default/production/8_3.o
                0x0000000000000964                receive_word

.text.libgcc.prologue
                0x00000000000009aa       0x38
 .text.libgcc.prologue
                0x00000000000009aa       0x38 /Applications/microchip/xc8/v2.10/avr/bin/../lib/gcc/avr/5.4.0/avr5/libgcc.a(_prologue.o)
                0x00000000000009aa                __prologue_saves__

.text.libgcc.prologue
                0x00000000000009e2       0x36
 .text.libgcc.prologue
                0x00000000000009e2       0x36 /Applications/microchip/xc8/v2.10/avr/bin/../lib/gcc/avr/5.4.0/avr5/libgcc.a(_epilogue.o)
                0x00000000000009e2                __epilogue_restores__

.text.avrlibc   0x0000000000000a18       0x34
 .text.avrlibc  0x0000000000000a18       0x34 /Applications/microchip/xc8/v2.10/avr/bin/../lib/gcc/avr/5.4.0/../../../../avr/lib/avr5/libc.a(strstr.o)
                0x0000000000000a18                strstr

.text.pca_lcd_data
                0x0000000000000a4c       0x2a
 .text.pca_lcd_data
                0x0000000000000a4c       0x2a build/default/production/8_3.o
                0x0000000000000a4c                pca_lcd_data

.text.pca_lcd_command
                0x0000000000000a76       0x2a
 .text.pca_lcd_command
                0x0000000000000a76       0x2a build/default/production/8_3.o
                0x0000000000000a76                pca_lcd_command

.text.PCA9555_0_read
                0x0000000000000aa0       0x26
 .text.PCA9555_0_read
                0x0000000000000aa0       0x26 build/default/production/8_3.o
                0x0000000000000aa0                PCA9555_0_read

.text.twi_write
                0x0000000000000ac6       0x24
 .text.twi_write
                0x0000000000000ac6       0x24 build/default/production/8_3.o
                0x0000000000000ac6                twi_write

.text.PCA9555_0_write
                0x0000000000000aea       0x24
 .text.PCA9555_0_write
                0x0000000000000aea       0x24 build/default/production/8_3.o
                0x0000000000000aea                PCA9555_0_write

.text.transmit_word
                0x0000000000000b0e       0x1e
 .text.transmit_word
                0x0000000000000b0e       0x1e build/default/production/8_3.o
                0x0000000000000b0e                transmit_word

.text.print_lcd
                0x0000000000000b2c       0x1e
 .text.print_lcd
                0x0000000000000b2c       0x1e build/default/production/8_3.o
                0x0000000000000b2c                print_lcd

.text.usart_init
                0x0000000000000b4a       0x1a
 .text.usart_init
                0x0000000000000b4a       0x1a build/default/production/8_3.o
                0x0000000000000b4a                usart_init

.text.twi_readNak
                0x0000000000000b64       0x16
 .text.twi_readNak
                0x0000000000000b64       0x16 build/default/production/8_3.o
                0x0000000000000b64                twi_readNak

.text.avrlibc   0x0000000000000b7a       0x16
 .text.avrlibc  0x0000000000000b7a       0x16 /Applications/microchip/xc8/v2.10/avr/bin/../lib/gcc/avr/5.4.0/../../../../avr/lib/avr5/libc.a(strnlen_P.o)
                0x0000000000000b7a                strnlen_P

.text.avrlibc   0x0000000000000b90       0x16
 .text.avrlibc  0x0000000000000b90       0x16 /Applications/microchip/xc8/v2.10/avr/bin/../lib/gcc/avr/5.4.0/../../../../avr/lib/avr5/libc.a(strnlen.o)
                0x0000000000000b90                strnlen

.text.pca_lcd_clear_display
                0x0000000000000ba6       0x14
 .text.pca_lcd_clear_display
                0x0000000000000ba6       0x14 build/default/production/8_3.o
                0x0000000000000ba6                pca_lcd_clear_display

.text.twi_stop  0x0000000000000bba       0x12
 .text.twi_stop
                0x0000000000000bba       0x12 build/default/production/8_3.o
                0x0000000000000bba                twi_stop

.text.avrlibc   0x0000000000000bcc       0x12
 .text.avrlibc  0x0000000000000bcc       0x12 /Applications/microchip/xc8/v2.10/avr/bin/../lib/gcc/avr/5.4.0/../../../../avr/lib/avr5/libc.a(strcmp.o)
                0x0000000000000bcc                strcmp

.text.usart_transmit
                0x0000000000000bde       0x10
 .text.usart_transmit
                0x0000000000000bde       0x10 build/default/production/8_3.o
                0x0000000000000bde                usart_transmit

.text.usart_receive
                0x0000000000000bee       0x10
 .text.usart_receive
                0x0000000000000bee       0x10 build/default/production/8_3.o
                0x0000000000000bee                usart_receive

.text.twi_init  0x0000000000000bfe        0xc
 .text.twi_init
                0x0000000000000bfe        0xc build/default/production/8_3.o
                0x0000000000000bfe                twi_init

.text.twi_rep_start
                0x0000000000000c0a        0x6
 .text.twi_rep_start
                0x0000000000000c0a        0x6 build/default/production/8_3.o
                0x0000000000000c0a                twi_rep_start

.text           0x0000000000000c10        0x4
 .text          0x0000000000000c10        0x4 /Applications/microchip/xc8/v2.10/dfp/gcc/dev/atmega328pb/avr5/crtatmega328pb.o
                0x0000000000000c10                __vector_42
                0x0000000000000c10                __vector_22
                0x0000000000000c10                __vector_28
                0x0000000000000c10                __vector_1
                0x0000000000000c10                __vector_32
                0x0000000000000c10                __vector_34
                0x0000000000000c10                __vector_24
                0x0000000000000c10                __vector_12
                0x0000000000000c10                __bad_interrupt
                0x0000000000000c10                __vector_6
                0x0000000000000c10                __vector_31
                0x0000000000000c10                __vector_35
                0x0000000000000c10                __vector_39
                0x0000000000000c10                __vector_3
                0x0000000000000c10                __vector_23
                0x0000000000000c10                __vector_30
                0x0000000000000c10                __vector_25
                0x0000000000000c10                __vector_11
                0x0000000000000c10                __vector_13
                0x0000000000000c10                __vector_17
                0x0000000000000c10                __vector_19
                0x0000000000000c10                __vector_7
                0x0000000000000c10                __vector_41
                0x0000000000000c10                __vector_43
                0x0000000000000c10                __vector_27
                0x0000000000000c10                __vector_5
                0x0000000000000c10                __vector_33
                0x0000000000000c10                __vector_37
                0x0000000000000c10                __vector_4
                0x0000000000000c10                __vector_44
                0x0000000000000c10                __vector_9
                0x0000000000000c10                __vector_2
                0x0000000000000c10                __vector_21
                0x0000000000000c10                __vector_15
                0x0000000000000c10                __vector_36
                0x0000000000000c10                __vector_29
                0x0000000000000c10                __vector_40
                0x0000000000000c10                __vector_8
                0x0000000000000c10                __vector_26
                0x0000000000000c10                __vector_14
                0x0000000000000c10                __vector_10
                0x0000000000000c10                __vector_16
                0x0000000000000c10                __vector_18
                0x0000000000000c10                __vector_20
                0x0000000000000c10                __vector_38

.rodata         0x0000000000800100       0xee load address 0x0000000000000c14
 .rodata        0x0000000000800100       0xee build/default/production/8_3.o
