Archive member included to satisfy reference by file (symbol)

/Applications/microchip/xc8/v2.10/avr/bin/../lib/gcc/avr/5.4.0/../../../../avr/lib/avr5/libm.a(divsf3.o)
                              build/default/debug/8_2.o (__divsf3)
/Applications/microchip/xc8/v2.10/avr/bin/../lib/gcc/avr/5.4.0/../../../../avr/lib/avr5/libm.a(divsf3x.o)
                              /Applications/microchip/xc8/v2.10/avr/bin/../lib/gcc/avr/5.4.0/../../../../avr/lib/avr5/libm.a(divsf3.o) (__divsf3x)
/Applications/microchip/xc8/v2.10/avr/bin/../lib/gcc/avr/5.4.0/../../../../avr/lib/avr5/libm.a(fixsfsi.o)
                              build/default/debug/8_2.o (__fixsfsi)
/Applications/microchip/xc8/v2.10/avr/bin/../lib/gcc/avr/5.4.0/../../../../avr/lib/avr5/libm.a(fixunssfsi.o)
                              /Applications/microchip/xc8/v2.10/avr/bin/../lib/gcc/avr/5.4.0/../../../../avr/lib/avr5/libm.a(fixsfsi.o) (__fixunssfsi)
/Applications/microchip/xc8/v2.10/avr/bin/../lib/gcc/avr/5.4.0/../../../../avr/lib/avr5/libm.a(floatsisf.o)
                              build/default/debug/8_2.o (__floatunsisf)
/Applications/microchip/xc8/v2.10/avr/bin/../lib/gcc/avr/5.4.0/../../../../avr/lib/avr5/libm.a(fp_inf.o)
                              /Applications/microchip/xc8/v2.10/avr/bin/../lib/gcc/avr/5.4.0/../../../../avr/lib/avr5/libm.a(divsf3x.o) (__fp_inf)
/Applications/microchip/xc8/v2.10/avr/bin/../lib/gcc/avr/5.4.0/../../../../avr/lib/avr5/libm.a(fp_nan.o)
                              /Applications/microchip/xc8/v2.10/avr/bin/../lib/gcc/avr/5.4.0/../../../../avr/lib/avr5/libm.a(divsf3x.o) (__fp_nan)
/Applications/microchip/xc8/v2.10/avr/bin/../lib/gcc/avr/5.4.0/../../../../avr/lib/avr5/libm.a(fp_pscA.o)
                              /Applications/microchip/xc8/v2.10/avr/bin/../lib/gcc/avr/5.4.0/../../../../avr/lib/avr5/libm.a(divsf3x.o) (__fp_pscA)
/Applications/microchip/xc8/v2.10/avr/bin/../lib/gcc/avr/5.4.0/../../../../avr/lib/avr5/libm.a(fp_pscB.o)
                              /Applications/microchip/xc8/v2.10/avr/bin/../lib/gcc/avr/5.4.0/../../../../avr/lib/avr5/libm.a(divsf3x.o) (__fp_pscB)
/Applications/microchip/xc8/v2.10/avr/bin/../lib/gcc/avr/5.4.0/../../../../avr/lib/avr5/libm.a(fp_round.o)
                              /Applications/microchip/xc8/v2.10/avr/bin/../lib/gcc/avr/5.4.0/../../../../avr/lib/avr5/libm.a(divsf3.o) (__fp_round)
/Applications/microchip/xc8/v2.10/avr/bin/../lib/gcc/avr/5.4.0/../../../../avr/lib/avr5/libm.a(fp_split3.o)
                              /Applications/microchip/xc8/v2.10/avr/bin/../lib/gcc/avr/5.4.0/../../../../avr/lib/avr5/libm.a(divsf3x.o) (__fp_split3)
/Applications/microchip/xc8/v2.10/avr/bin/../lib/gcc/avr/5.4.0/../../../../avr/lib/avr5/libm.a(fp_zero.o)
                              /Applications/microchip/xc8/v2.10/avr/bin/../lib/gcc/avr/5.4.0/../../../../avr/lib/avr5/libm.a(fixunssfsi.o) (__fp_zero)
/Applications/microchip/xc8/v2.10/avr/bin/../lib/gcc/avr/5.4.0/../../../../avr/lib/avr5/libm.a(mulsf3.o)
                              build/default/debug/8_2.o (__mulsf3)
/Applications/microchip/xc8/v2.10/avr/bin/../lib/gcc/avr/5.4.0/../../../../avr/lib/avr5/libm.a(mulsf3x.o)
                              /Applications/microchip/xc8/v2.10/avr/bin/../lib/gcc/avr/5.4.0/../../../../avr/lib/avr5/libm.a(mulsf3.o) (__mulsf3x)
/Applications/microchip/xc8/v2.10/avr/bin/../lib/gcc/avr/5.4.0/avr5/libgcc.a(_divmodhi4.o)
                              build/default/debug/8_2.o (__divmodhi4)
/Applications/microchip/xc8/v2.10/avr/bin/../lib/gcc/avr/5.4.0/avr5/libgcc.a(_exit.o)
                              /Applications/microchip/xc8/v2.10/dfp/gcc/dev/atmega328pb/avr5/crtatmega328pb.o (exit)
/Applications/microchip/xc8/v2.10/avr/bin/../lib/gcc/avr/5.4.0/avr5/libgcc.a(_copy_data.o)
                              build/default/debug/8_2.o (__do_copy_data)
/Applications/microchip/xc8/v2.10/avr/bin/../lib/gcc/avr/5.4.0/avr5/libgcc.a(_udivmodhi4.o)
                              /Applications/microchip/xc8/v2.10/avr/bin/../lib/gcc/avr/5.4.0/avr5/libgcc.a(_divmodhi4.o) (__udivmodhi4)
/Applications/microchip/xc8/v2.10/avr/bin/../lib/gcc/avr/5.4.0/../../../../avr/lib/avr5/libc.a(strcmp.o)
                              build/default/debug/8_2.o (strcmp)

Allocating common symbols
Common symbol       size              file

sign                0x1               build/default/debug/8_2.o
pressure            0x3               build/default/debug/8_2.o
d                   0x6               build/default/debug/8_2.o

Discarded input sections

 .data          0x0000000000000000        0x0 /Applications/microchip/xc8/v2.10/dfp/gcc/dev/atmega328pb/avr5/crtatmega328pb.o
 .bss           0x0000000000000000        0x0 /Applications/microchip/xc8/v2.10/dfp/gcc/dev/atmega328pb/avr5/crtatmega328pb.o
 .text          0x0000000000000000        0x0 build/default/debug/8_2.o
 .data          0x0000000000000000        0x0 build/default/debug/8_2.o
 .bss           0x0000000000000000        0x0 build/default/debug/8_2.o
 .text.twi_readAck
                0x0000000000000000       0x16 build/default/debug/8_2.o
 .text.usart_receive
                0x0000000000000000       0x10 build/default/debug/8_2.o
 .text.receive_word
                0x0000000000000000       0x18 build/default/debug/8_2.o
 .text.print_lcd
                0x0000000000000000       0x1e build/default/debug/8_2.o
 .text          0x0000000000000000        0x0 /Applications/microchip/xc8/v2.10/avr/bin/../lib/gcc/avr/5.4.0/../../../../avr/lib/avr5/libm.a(divsf3.o)
 .data          0x0000000000000000        0x0 /Applications/microchip/xc8/v2.10/avr/bin/../lib/gcc/avr/5.4.0/../../../../avr/lib/avr5/libm.a(divsf3.o)
 .bss           0x0000000000000000        0x0 /Applications/microchip/xc8/v2.10/avr/bin/../lib/gcc/avr/5.4.0/../../../../avr/lib/avr5/libm.a(divsf3.o)
 .text          0x0000000000000000        0x0 /Applications/microchip/xc8/v2.10/avr/bin/../lib/gcc/avr/5.4.0/../../../../avr/lib/avr5/libm.a(divsf3x.o)
 .data          0x0000000000000000        0x0 /Applications/microchip/xc8/v2.10/avr/bin/../lib/gcc/avr/5.4.0/../../../../avr/lib/avr5/libm.a(divsf3x.o)
 .bss           0x0000000000000000        0x0 /Applications/microchip/xc8/v2.10/avr/bin/../lib/gcc/avr/5.4.0/../../../../avr/lib/avr5/libm.a(divsf3x.o)
 .text          0x0000000000000000        0x0 /Applications/microchip/xc8/v2.10/avr/bin/../lib/gcc/avr/5.4.0/../../../../avr/lib/avr5/libm.a(fixsfsi.o)
 .data          0x0000000000000000        0x0 /Applications/microchip/xc8/v2.10/avr/bin/../lib/gcc/avr/5.4.0/../../../../avr/lib/avr5/libm.a(fixsfsi.o)
 .bss           0x0000000000000000        0x0 /Applications/microchip/xc8/v2.10/avr/bin/../lib/gcc/avr/5.4.0/../../../../avr/lib/avr5/libm.a(fixsfsi.o)
 .text          0x0000000000000000        0x0 /Applications/microchip/xc8/v2.10/avr/bin/../lib/gcc/avr/5.4.0/../../../../avr/lib/avr5/libm.a(fixunssfsi.o)
 .data          0x0000000000000000        0x0 /Applications/microchip/xc8/v2.10/avr/bin/../lib/gcc/avr/5.4.0/../../../../avr/lib/avr5/libm.a(fixunssfsi.o)
 .bss           0x0000000000000000        0x0 /Applications/microchip/xc8/v2.10/avr/bin/../lib/gcc/avr/5.4.0/../../../../avr/lib/avr5/libm.a(fixunssfsi.o)
 .text          0x0000000000000000        0x0 /Applications/microchip/xc8/v2.10/avr/bin/../lib/gcc/avr/5.4.0/../../../../avr/lib/avr5/libm.a(floatsisf.o)
 .data          0x0000000000000000        0x0 /Applications/microchip/xc8/v2.10/avr/bin/../lib/gcc/avr/5.4.0/../../../../avr/lib/avr5/libm.a(floatsisf.o)
 .bss           0x0000000000000000        0x0 /Applications/microchip/xc8/v2.10/avr/bin/../lib/gcc/avr/5.4.0/../../../../avr/lib/avr5/libm.a(floatsisf.o)
 .text          0x0000000000000000        0x0 /Applications/microchip/xc8/v2.10/avr/bin/../lib/gcc/avr/5.4.0/../../../../avr/lib/avr5/libm.a(fp_inf.o)
 .data          0x0000000000000000        0x0 /Applications/microchip/xc8/v2.10/avr/bin/../lib/gcc/avr/5.4.0/../../../../avr/lib/avr5/libm.a(fp_inf.o)
 .bss           0x0000000000000000        0x0 /Applications/microchip/xc8/v2.10/avr/bin/../lib/gcc/avr/5.4.0/../../../../avr/lib/avr5/libm.a(fp_inf.o)
 .text          0x0000000000000000        0x0 /Applications/microchip/xc8/v2.10/avr/bin/../lib/gcc/avr/5.4.0/../../../../avr/lib/avr5/libm.a(fp_nan.o)
 .data          0x0000000000000000        0x0 /Applications/microchip/xc8/v2.10/avr/bin/../lib/gcc/avr/5.4.0/../../../../avr/lib/avr5/libm.a(fp_nan.o)
 .bss           0x0000000000000000        0x0 /Applications/microchip/xc8/v2.10/avr/bin/../lib/gcc/avr/5.4.0/../../../../avr/lib/avr5/libm.a(fp_nan.o)
 .text          0x0000000000000000        0x0 /Applications/microchip/xc8/v2.10/avr/bin/../lib/gcc/avr/5.4.0/../../../../avr/lib/avr5/libm.a(fp_pscA.o)
 .data          0x0000000000000000        0x0 /Applications/microchip/xc8/v2.10/avr/bin/../lib/gcc/avr/5.4.0/../../../../avr/lib/avr5/libm.a(fp_pscA.o)
 .bss           0x0000000000000000        0x0 /Applications/microchip/xc8/v2.10/avr/bin/../lib/gcc/avr/5.4.0/../../../../avr/lib/avr5/libm.a(fp_pscA.o)
 .text          0x0000000000000000        0x0 /Applications/microchip/xc8/v2.10/avr/bin/../lib/gcc/avr/5.4.0/../../../../avr/lib/avr5/libm.a(fp_pscB.o)
 .data          0x0000000000000000        0x0 /Applications/microchip/xc8/v2.10/avr/bin/../lib/gcc/avr/5.4.0/../../../../avr/lib/avr5/libm.a(fp_pscB.o)
 .bss           0x0000000000000000        0x0 /Applications/microchip/xc8/v2.10/avr/bin/../lib/gcc/avr/5.4.0/../../../../avr/lib/avr5/libm.a(fp_pscB.o)
 .text          0x0000000000000000        0x0 /Applications/microchip/xc8/v2.10/avr/bin/../lib/gcc/avr/5.4.0/../../../../avr/lib/avr5/libm.a(fp_round.o)
 .data          0x0000000000000000        0x0 /Applications/microchip/xc8/v2.10/avr/bin/../lib/gcc/avr/5.4.0/../../../../avr/lib/avr5/libm.a(fp_round.o)
 .bss           0x0000000000000000        0x0 /Applications/microchip/xc8/v2.10/avr/bin/../lib/gcc/avr/5.4.0/../../../../avr/lib/avr5/libm.a(fp_round.o)
 .text          0x0000000000000000        0x0 /Applications/microchip/xc8/v2.10/avr/bin/../lib/gcc/avr/5.4.0/../../../../avr/lib/avr5/libm.a(fp_split3.o)
 .data          0x0000000000000000        0x0 /Applications/microchip/xc8/v2.10/avr/bin/../lib/gcc/avr/5.4.0/../../../../avr/lib/avr5/libm.a(fp_split3.o)
 .bss           0x0000000000000000        0x0 /Applications/microchip/xc8/v2.10/avr/bin/../lib/gcc/avr/5.4.0/../../../../avr/lib/avr5/libm.a(fp_split3.o)
 .text          0x0000000000000000        0x0 /Applications/microchip/xc8/v2.10/avr/bin/../lib/gcc/avr/5.4.0/../../../../avr/lib/avr5/libm.a(fp_zero.o)
 .data          0x0000000000000000        0x0 /Applications/microchip/xc8/v2.10/avr/bin/../lib/gcc/avr/5.4.0/../../../../avr/lib/avr5/libm.a(fp_zero.o)
 .bss           0x0000000000000000        0x0 /Applications/microchip/xc8/v2.10/avr/bin/../lib/gcc/avr/5.4.0/../../../../avr/lib/avr5/libm.a(fp_zero.o)
 .text          0x0000000000000000        0x0 /Applications/microchip/xc8/v2.10/avr/bin/../lib/gcc/avr/5.4.0/../../../../avr/lib/avr5/libm.a(mulsf3.o)
 .data          0x0000000000000000        0x0 /Applications/microchip/xc8/v2.10/avr/bin/../lib/gcc/avr/5.4.0/../../../../avr/lib/avr5/libm.a(mulsf3.o)
 .bss           0x0000000000000000        0x0 /Applications/microchip/xc8/v2.10/avr/bin/../lib/gcc/avr/5.4.0/../../../../avr/lib/avr5/libm.a(mulsf3.o)
 .text          0x0000000000000000        0x0 /Applications/microchip/xc8/v2.10/avr/bin/../lib/gcc/avr/5.4.0/../../../../avr/lib/avr5/libm.a(mulsf3x.o)
 .data          0x0000000000000000        0x0 /Applications/microchip/xc8/v2.10/avr/bin/../lib/gcc/avr/5.4.0/../../../../avr/lib/avr5/libm.a(mulsf3x.o)
 .bss           0x0000000000000000        0x0 /Applications/microchip/xc8/v2.10/avr/bin/../lib/gcc/avr/5.4.0/../../../../avr/lib/avr5/libm.a(mulsf3x.o)
 .text          0x0000000000000000        0x0 /Applications/microchip/xc8/v2.10/avr/bin/../lib/gcc/avr/5.4.0/avr5/libgcc.a(_divmodhi4.o)
 .data          0x0000000000000000        0x0 /Applications/microchip/xc8/v2.10/avr/bin/../lib/gcc/avr/5.4.0/avr5/libgcc.a(_divmodhi4.o)
 .bss           0x0000000000000000        0x0 /Applications/microchip/xc8/v2.10/avr/bin/../lib/gcc/avr/5.4.0/avr5/libgcc.a(_divmodhi4.o)
 .text.libgcc.mul
                0x0000000000000000        0x0 /Applications/microchip/xc8/v2.10/avr/bin/../lib/gcc/avr/5.4.0/avr5/libgcc.a(_divmodhi4.o)
 .text.libgcc   0x0000000000000000        0x0 /Applications/microchip/xc8/v2.10/avr/bin/../lib/gcc/avr/5.4.0/avr5/libgcc.a(_divmodhi4.o)
 .text.libgcc.prologue
                0x0000000000000000        0x0 /Applications/microchip/xc8/v2.10/avr/bin/../lib/gcc/avr/5.4.0/avr5/libgcc.a(_divmodhi4.o)
 .text.libgcc.builtins
                0x0000000000000000        0x0 /Applications/microchip/xc8/v2.10/avr/bin/../lib/gcc/avr/5.4.0/avr5/libgcc.a(_divmodhi4.o)
 .text.libgcc.fmul
                0x0000000000000000        0x0 /Applications/microchip/xc8/v2.10/avr/bin/../lib/gcc/avr/5.4.0/avr5/libgcc.a(_divmodhi4.o)
 .text.libgcc.fixed
                0x0000000000000000        0x0 /Applications/microchip/xc8/v2.10/avr/bin/../lib/gcc/avr/5.4.0/avr5/libgcc.a(_divmodhi4.o)
 .text          0x0000000000000000        0x0 /Applications/microchip/xc8/v2.10/avr/bin/../lib/gcc/avr/5.4.0/avr5/libgcc.a(_exit.o)
 .data          0x0000000000000000        0x0 /Applications/microchip/xc8/v2.10/avr/bin/../lib/gcc/avr/5.4.0/avr5/libgcc.a(_exit.o)
 .bss           0x0000000000000000        0x0 /Applications/microchip/xc8/v2.10/avr/bin/../lib/gcc/avr/5.4.0/avr5/libgcc.a(_exit.o)
 .text.libgcc.mul
                0x0000000000000000        0x0 /Applications/microchip/xc8/v2.10/avr/bin/../lib/gcc/avr/5.4.0/avr5/libgcc.a(_exit.o)
 .text.libgcc.div
                0x0000000000000000        0x0 /Applications/microchip/xc8/v2.10/avr/bin/../lib/gcc/avr/5.4.0/avr5/libgcc.a(_exit.o)
 .text.libgcc   0x0000000000000000        0x0 /Applications/microchip/xc8/v2.10/avr/bin/../lib/gcc/avr/5.4.0/avr5/libgcc.a(_exit.o)
 .text.libgcc.prologue
                0x0000000000000000        0x0 /Applications/microchip/xc8/v2.10/avr/bin/../lib/gcc/avr/5.4.0/avr5/libgcc.a(_exit.o)
 .text.libgcc.builtins
                0x0000000000000000        0x0 /Applications/microchip/xc8/v2.10/avr/bin/../lib/gcc/avr/5.4.0/avr5/libgcc.a(_exit.o)
 .text.libgcc.fmul
                0x0000000000000000        0x0 /Applications/microchip/xc8/v2.10/avr/bin/../lib/gcc/avr/5.4.0/avr5/libgcc.a(_exit.o)
 .text.libgcc.fixed
                0x0000000000000000        0x0 /Applications/microchip/xc8/v2.10/avr/bin/../lib/gcc/avr/5.4.0/avr5/libgcc.a(_exit.o)
 .text          0x0000000000000000        0x0 /Applications/microchip/xc8/v2.10/avr/bin/../lib/gcc/avr/5.4.0/avr5/libgcc.a(_copy_data.o)
 .data          0x0000000000000000        0x0 /Applications/microchip/xc8/v2.10/avr/bin/../lib/gcc/avr/5.4.0/avr5/libgcc.a(_copy_data.o)
 .bss           0x0000000000000000        0x0 /Applications/microchip/xc8/v2.10/avr/bin/../lib/gcc/avr/5.4.0/avr5/libgcc.a(_copy_data.o)
 .text.libgcc.mul
                0x0000000000000000        0x0 /Applications/microchip/xc8/v2.10/avr/bin/../lib/gcc/avr/5.4.0/avr5/libgcc.a(_copy_data.o)
 .text.libgcc.div
                0x0000000000000000        0x0 /Applications/microchip/xc8/v2.10/avr/bin/../lib/gcc/avr/5.4.0/avr5/libgcc.a(_copy_data.o)
 .text.libgcc   0x0000000000000000        0x0 /Applications/microchip/xc8/v2.10/avr/bin/../lib/gcc/avr/5.4.0/avr5/libgcc.a(_copy_data.o)
 .text.libgcc.prologue
                0x0000000000000000        0x0 /Applications/microchip/xc8/v2.10/avr/bin/../lib/gcc/avr/5.4.0/avr5/libgcc.a(_copy_data.o)
 .text.libgcc.builtins
                0x0000000000000000        0x0 /Applications/microchip/xc8/v2.10/avr/bin/../lib/gcc/avr/5.4.0/avr5/libgcc.a(_copy_data.o)
 .text.libgcc.fmul
                0x0000000000000000        0x0 /Applications/microchip/xc8/v2.10/avr/bin/../lib/gcc/avr/5.4.0/avr5/libgcc.a(_copy_data.o)
 .text.libgcc.fixed
                0x0000000000000000        0x0 /Applications/microchip/xc8/v2.10/avr/bin/../lib/gcc/avr/5.4.0/avr5/libgcc.a(_copy_data.o)
 .text          0x0000000000000000        0x0 /Applications/microchip/xc8/v2.10/avr/bin/../lib/gcc/avr/5.4.0/avr5/libgcc.a(_udivmodhi4.o)
 .data          0x0000000000000000        0x0 /Applications/microchip/xc8/v2.10/avr/bin/../lib/gcc/avr/5.4.0/avr5/libgcc.a(_udivmodhi4.o)
 .bss           0x0000000000000000        0x0 /Applications/microchip/xc8/v2.10/avr/bin/../lib/gcc/avr/5.4.0/avr5/libgcc.a(_udivmodhi4.o)
 .text.libgcc.mul
                0x0000000000000000        0x0 /Applications/microchip/xc8/v2.10/avr/bin/../lib/gcc/avr/5.4.0/avr5/libgcc.a(_udivmodhi4.o)
 .text.libgcc   0x0000000000000000        0x0 /Applications/microchip/xc8/v2.10/avr/bin/../lib/gcc/avr/5.4.0/avr5/libgcc.a(_udivmodhi4.o)
 .text.libgcc.prologue
                0x0000000000000000        0x0 /Applications/microchip/xc8/v2.10/avr/bin/../lib/gcc/avr/5.4.0/avr5/libgcc.a(_udivmodhi4.o)
 .text.libgcc.builtins
                0x0000000000000000        0x0 /Applications/microchip/xc8/v2.10/avr/bin/../lib/gcc/avr/5.4.0/avr5/libgcc.a(_udivmodhi4.o)
 .text.libgcc.fmul
                0x0000000000000000        0x0 /Applications/microchip/xc8/v2.10/avr/bin/../lib/gcc/avr/5.4.0/avr5/libgcc.a(_udivmodhi4.o)
 .text.libgcc.fixed
                0x0000000000000000        0x0 /Applications/microchip/xc8/v2.10/avr/bin/../lib/gcc/avr/5.4.0/avr5/libgcc.a(_udivmodhi4.o)
 .text          0x0000000000000000        0x0 /Applications/microchip/xc8/v2.10/avr/bin/../lib/gcc/avr/5.4.0/../../../../avr/lib/avr5/libc.a(strcmp.o)
 .data          0x0000000000000000        0x0 /Applications/microchip/xc8/v2.10/avr/bin/../lib/gcc/avr/5.4.0/../../../../avr/lib/avr5/libc.a(strcmp.o)
 .bss           0x0000000000000000        0x0 /Applications/microchip/xc8/v2.10/avr/bin/../lib/gcc/avr/5.4.0/../../../../avr/lib/avr5/libc.a(strcmp.o)

Memory Configuration

Name             Origin             Length             Attributes
text             0x0000000000000000 0x0000000000008000 xr
data             0x0000000000800100 0x0000000000000800 rw !x
eeprom           0x0000000000810000 0x0000000000000400 rw !x
fuse             0x0000000000820000 0x0000000000000003 rw !x
lock             0x0000000000830000 0x0000000000000400 rw !x
signature        0x0000000000840000 0x0000000000000400 rw !x
user_signatures  0x0000000000850000 0x0000000000000400 rw !x
*default*        0x0000000000000000 0xffffffffffffffff

Linker script and memory map

Address of section .data set to 0x800100
LOAD /Applications/microchip/xc8/v2.10/dfp/gcc/dev/atmega328pb/avr5/crtatmega328pb.o
                0x0000000000000001                __MPLAB_BUILD = 0x1
LOAD build/default/debug/8_2.o
START GROUP
LOAD /Applications/microchip/xc8/v2.10/avr/bin/../lib/gcc/avr/5.4.0/../../../../avr/lib/avr5/libm.a
END GROUP
                0x0000000000000001                __MPLAB_DEBUG = 0x1
                0x0000000000000001                __DEBUG = 0x1
START GROUP
LOAD /Applications/microchip/xc8/v2.10/avr/bin/../lib/gcc/avr/5.4.0/avr5/libgcc.a
LOAD /Applications/microchip/xc8/v2.10/avr/bin/../lib/gcc/avr/5.4.0/../../../../avr/lib/avr5/libm.a
LOAD /Applications/microchip/xc8/v2.10/avr/bin/../lib/gcc/avr/5.4.0/../../../../avr/lib/avr5/libc.a
LOAD /Applications/microchip/xc8/v2.10/dfp/gcc/dev/atmega328pb/avr5/libatmega328pb.a
END GROUP
                [0x0000000000000000]                __TEXT_REGION_ORIGIN__ = DEFINED (__TEXT_REGION_ORIGIN__)?__TEXT_REGION_ORIGIN__:0x0
                [0x0000000000800100]                __DATA_REGION_ORIGIN__ = DEFINED (__DATA_REGION_ORIGIN__)?__DATA_REGION_ORIGIN__:0x800060
                [0x0000000000008000]                __TEXT_REGION_LENGTH__ = DEFINED (__TEXT_REGION_LENGTH__)?__TEXT_REGION_LENGTH__:0x20000
                [0x0000000000000800]                __DATA_REGION_LENGTH__ = DEFINED (__DATA_REGION_LENGTH__)?__DATA_REGION_LENGTH__:0xffa0
                [0x0000000000000400]                __EEPROM_REGION_LENGTH__ = DEFINED (__EEPROM_REGION_LENGTH__)?__EEPROM_REGION_LENGTH__:0x10000
                [0x0000000000000003]                __FUSE_REGION_LENGTH__ = DEFINED (__FUSE_REGION_LENGTH__)?__FUSE_REGION_LENGTH__:0x400
                0x0000000000000400                __LOCK_REGION_LENGTH__ = DEFINED (__LOCK_REGION_LENGTH__)?__LOCK_REGION_LENGTH__:0x400
                0x0000000000000400                __SIGNATURE_REGION_LENGTH__ = DEFINED (__SIGNATURE_REGION_LENGTH__)?__SIGNATURE_REGION_LENGTH__:0x400
                0x0000000000000400                __USER_SIGNATURE_REGION_LENGTH__ = DEFINED (__USER_SIGNATURE_REGION_LENGTH__)?__USER_SIGNATURE_REGION_LENGTH__:0x400

.hash
 *(.hash)

.dynsym
 *(.dynsym)

.dynstr
 *(.dynstr)

.gnu.version
 *(.gnu.version)

.gnu.version_d
 *(.gnu.version_d)

.gnu.version_r
 *(.gnu.version_r)

.rel.init
 *(.rel.init)

.rela.init
 *(.rela.init)

.rel.text
 *(.rel.text)
 *(.rel.text.*)
 *(.rel.gnu.linkonce.t*)

.rela.text
 *(.rela.text)
 *(.rela.text.*)
 *(.rela.gnu.linkonce.t*)

.rel.fini
 *(.rel.fini)

.rela.fini
 *(.rela.fini)

.rel.rodata
 *(.rel.rodata)
 *(.rel.rodata.*)
 *(.rel.gnu.linkonce.r*)

.rela.rodata
 *(.rela.rodata)
 *(.rela.rodata.*)
 *(.rela.gnu.linkonce.r*)

.rel.data
 *(.rel.data)
 *(.rel.data.*)
 *(.rel.gnu.linkonce.d*)

.rela.data
 *(.rela.data)
 *(.rela.data.*)
 *(.rela.gnu.linkonce.d*)

.rel.ctors
 *(.rel.ctors)

.rela.ctors
 *(.rela.ctors)

.rel.dtors
 *(.rel.dtors)

.rela.dtors
 *(.rela.dtors)

.rel.got
 *(.rel.got)

.rela.got
 *(.rela.got)

.rel.bss
 *(.rel.bss)

.rela.bss
 *(.rela.bss)

.rel.plt
 *(.rel.plt)

.rela.plt
 *(.rela.plt)

.text           0x0000000000000000      0x11a
 *(.vectors)
 .vectors       0x0000000000000000       0xb4 /Applications/microchip/xc8/v2.10/dfp/gcc/dev/atmega328pb/avr5/crtatmega328pb.o
                0x0000000000000000                __vectors
                0x0000000000000000                __vector_default
 *(.vectors)
 *(.progmem.gcc*)
 *(.dinit)
 .dinit         0x00000000000000b4       0x11 data_init
                0x00000000000000c6                . = ALIGN (0x2)
 *fill*         0x00000000000000c5        0x1 
                0x00000000000000c6                __trampolines_start = .
 *(.trampolines)
 .trampolines   0x00000000000000c6        0x0 linker stubs
 *(.trampolines*)
                0x00000000000000c6                __trampolines_end = .
 *libprintf_flt.a:*(.progmem.data)
 *libc.a:*(.progmem.data)
                0x00000000000000c6                . = ALIGN (0x2)
 *(.jumptables)
 *(.jumptables*)
 *(.lowtext)
 *(.lowtext*)
                0x00000000000000c6                __ctors_start = .
 *(.ctors)
                0x00000000000000c6                __ctors_end = .
                0x00000000000000c6                __dtors_start = .
 *(.dtors)
                0x00000000000000c6                __dtors_end = .
 SORT(*)(.ctors)
 SORT(*)(.dtors)
 *(.init0)
 .init0         0x00000000000000c6        0x0 /Applications/microchip/xc8/v2.10/dfp/gcc/dev/atmega328pb/avr5/crtatmega328pb.o
                0x00000000000000c6                __init
 *(.init0)
 *(.init1)
 *(.init1)
 *(.init2)
 .init2         0x00000000000000c6        0xc /Applications/microchip/xc8/v2.10/dfp/gcc/dev/atmega328pb/avr5/crtatmega328pb.o
 *(.init2)
 *(.init3)
 *(.init3)
 *(.init4)
 .init4         0x00000000000000d2       0x3c /Applications/microchip/xc8/v2.10/avr/bin/../lib/gcc/avr/5.4.0/avr5/libgcc.a(_copy_data.o)
                0x00000000000000d2                __do_copy_data
                0x0000000000000100                __do_clear_bss
 *(.init4)
 *(.init5)
 *(.init5)
 *(.init6)
 *(.init6)
 *(.init7)
 *(.init7)
 *(.init8)
 *(.init8)
 *(.init9)
 .init9         0x000000000000010e        0x8 /Applications/microchip/xc8/v2.10/dfp/gcc/dev/atmega328pb/avr5/crtatmega328pb.o
 *(.init9)
                0x0000000000000116                . = ALIGN (0x2)
 *(.fini9)
 .fini9         0x0000000000000116        0x0 /Applications/microchip/xc8/v2.10/avr/bin/../lib/gcc/avr/5.4.0/avr5/libgcc.a(_exit.o)
                0x0000000000000116                exit
                0x0000000000000116                _exit
 *(.fini9)
 *(.fini8)
 *(.fini8)
 *(.fini7)
 *(.fini7)
 *(.fini6)
 *(.fini6)
 *(.fini5)
 *(.fini5)
 *(.fini4)
 *(.fini4)
 *(.fini3)
 *(.fini3)
 *(.fini2)
 *(.fini2)
 *(.fini1)
 *(.fini1)
 *(.fini0)
 .fini0         0x0000000000000116        0x4 /Applications/microchip/xc8/v2.10/avr/bin/../lib/gcc/avr/5.4.0/avr5/libgcc.a(_exit.o)
 *(.fini0)
                0x000000000000011a                _etext = .

.data           0x0000000000800100        0x0 load address 0x000000000000011a
                [!provide]                        PROVIDE (__data_start, .)
 *(.gnu.linkonce.d*)
 *(.gnu.linkonce.r*)
                0x0000000000800100                . = ALIGN (0x2)
                0x0000000000800100                _edata = .
                [!provide]                        PROVIDE (__data_end, .)

.bss            0x0000000000800100        0xa
                [!provide]                        PROVIDE (__bss_start, .)
 *(COMMON)
 COMMON         0x0000000000800100        0xa build/default/debug/8_2.o
                0x0000000000800100                sign
                0x0000000000800101                pressure
                0x0000000000800104                d
                [!provide]                        PROVIDE (__bss_end, .)
                0x000000000000011a                __data_load_start = LOADADDR (.data)
                0x000000000000011a                __data_load_end = (__data_load_start + SIZEOF (.data))

.noinit         0x000000000080010a        0x0
                [!provide]                        PROVIDE (__noinit_start, .)
 *(.noinit*)
                [!provide]                        PROVIDE (__noinit_end, .)
                0x000000000080010a                _end = .

.eeprom         0x0000000000810000        0x0
 *(.eeprom*)
                0x0000000000810000                __eeprom_end = .

.fuse
 *(.fuse)
 *(.lfuse)
 *(.hfuse)
 *(.efuse)

.lock
 *(.lock*)

.signature
 *(.signature*)

.user_signatures
 *(.user_signatures*)

.stab
 *(.stab)

.stabstr
 *(.stabstr)

.stab.excl
 *(.stab.excl)

.stab.exclstr
 *(.stab.exclstr)

.stab.index
 *(.stab.index)

.stab.indexstr
 *(.stab.indexstr)

.comment        0x0000000000000000       0x2f
 *(.comment)
 .comment       0x0000000000000000       0x2f build/default/debug/8_2.o
                                         0x30 (size before relaxing)

.note.gnu.build-id
 *(.note.gnu.build-id)

.debug
 *(.debug)

.line
 *(.line)

.debug_srcinfo
 *(.debug_srcinfo)

.debug_sfnames
 *(.debug_sfnames)

.debug_aranges  0x0000000000000000      0x148
 *(.debug_aranges)
 .debug_aranges
                0x0000000000000000      0x148 build/default/debug/8_2.o

.debug_pubnames
 *(.debug_pubnames)

.debug_info     0x0000000000000000     0x2128
 *(.debug_info .gnu.linkonce.wi.*)
 .debug_info    0x0000000000000000      0x8ea /Applications/microchip/xc8/v2.10/dfp/gcc/dev/atmega328pb/avr5/crtatmega328pb.o
 .debug_info    0x00000000000008ea     0x183e build/default/debug/8_2.o

.debug_abbrev   0x0000000000000000      0xbf3
 *(.debug_abbrev)
 .debug_abbrev  0x0000000000000000      0x86e /Applications/microchip/xc8/v2.10/dfp/gcc/dev/atmega328pb/avr5/crtatmega328pb.o
 .debug_abbrev  0x000000000000086e      0x385 build/default/debug/8_2.o

.debug_line     0x0000000000000000      0xe00
 *(.debug_line .debug_line.* .debug_line_end)
 .debug_line    0x0000000000000000      0x1a5 /Applications/microchip/xc8/v2.10/dfp/gcc/dev/atmega328pb/avr5/crtatmega328pb.o
 .debug_line    0x00000000000001a5      0xc5b build/default/debug/8_2.o

.debug_frame    0x0000000000000000      0x388
 *(.debug_frame)
 .debug_frame   0x0000000000000000      0x388 build/default/debug/8_2.o

.debug_str      0x0000000000000000      0x357
 *(.debug_str)
 .debug_str     0x0000000000000000      0x318 /Applications/microchip/xc8/v2.10/dfp/gcc/dev/atmega328pb/avr5/crtatmega328pb.o
 .debug_str     0x0000000000000318       0x3f build/default/debug/8_2.o

.debug_loc      0x0000000000000000      0xfe0
 *(.debug_loc)
 .debug_loc     0x0000000000000000      0xfe0 build/default/debug/8_2.o

.debug_macinfo
 *(.debug_macinfo)

.debug_weaknames
 *(.debug_weaknames)

.debug_funcnames
 *(.debug_funcnames)

.debug_typenames
 *(.debug_typenames)

.debug_varnames
 *(.debug_varnames)

.debug_pubtypes
 *(.debug_pubtypes)

.debug_ranges   0x0000000000000000      0x138
 *(.debug_ranges)
 .debug_ranges  0x0000000000000000      0x138 build/default/debug/8_2.o

.debug_macro
 *(.debug_macro)
OUTPUT(dist/default/debug/8_2.X.debug.elf elf32-avr)
LOAD linker stubs
LOAD data_init

.note.gnu.avr.deviceinfo
                0x0000000000000000       0x40
 .note.gnu.avr.deviceinfo
                0x0000000000000000       0x40 /Applications/microchip/xc8/v2.10/dfp/gcc/dev/atmega328pb/avr5/crtatmega328pb.o

.bss.pressed_keys
                0x00000000008001e8        0x2
 .bss.pressed_keys
                0x00000000008001e8        0x2 build/default/debug/8_2.o
                0x00000000008001e8                pressed_keys

.text.main      0x000000000000011a      0x264
 .text.main     0x000000000000011a      0x264 build/default/debug/8_2.o
                0x000000000000011a                main

.text.avrlibc.fplib
                0x000000000000037e       0xdc
 .text.avrlibc.fplib
                0x000000000000037e       0xdc /Applications/microchip/xc8/v2.10/avr/bin/../lib/gcc/avr/5.4.0/../../../../avr/lib/avr5/libm.a(divsf3x.o)
                0x000000000000039e                __divsf3x
                0x00000000000003a4                __divsf3_pse

.text.avrlibc.fplib
                0x000000000000045a       0xd2
 .text.avrlibc.fplib
                0x000000000000045a       0xd2 /Applications/microchip/xc8/v2.10/avr/bin/../lib/gcc/avr/5.4.0/../../../../avr/lib/avr5/libm.a(mulsf3x.o)
                0x0000000000000478                __mulsf3x
                0x000000000000047e                __mulsf3_pse

.text.keypad_to_ascii
                0x000000000000052c       0xd0
 .text.keypad_to_ascii
                0x000000000000052c       0xd0 build/default/debug/8_2.o
                0x000000000000052c                keypad_to_ascii

.text.temp_digits
                0x00000000000005fc       0xc0
 .text.temp_digits
                0x00000000000005fc       0xc0 build/default/debug/8_2.o
                0x00000000000005fc                temp_digits

.text.pca_lcd_init
                0x00000000000006bc       0xaa
 .text.pca_lcd_init
                0x00000000000006bc       0xaa build/default/debug/8_2.o
                0x00000000000006bc                pca_lcd_init

.text.output_temp
                0x0000000000000766       0xa8
 .text.output_temp
                0x0000000000000766       0xa8 build/default/debug/8_2.o
                0x0000000000000766                output_temp

.text.pca_write_2_nibbles
                0x000000000000080e       0x7c
 .text.pca_write_2_nibbles
                0x000000000000080e       0x7c build/default/debug/8_2.o
                0x000000000000080e                pca_write_2_nibbles

.text.avrlibc.fplib
                0x000000000000088a       0x7a
 .text.avrlibc.fplib
                0x000000000000088a       0x7a /Applications/microchip/xc8/v2.10/avr/bin/../lib/gcc/avr/5.4.0/../../../../avr/lib/avr5/libm.a(floatsisf.o)
                0x000000000000088a                __floatunsisf
                0x000000000000088e                __floatsisf

.text.avrlibc.fplib
                0x0000000000000904       0x5e
 .text.avrlibc.fplib
                0x0000000000000904       0x5e /Applications/microchip/xc8/v2.10/avr/bin/../lib/gcc/avr/5.4.0/../../../../avr/lib/avr5/libm.a(fixunssfsi.o)
                0x0000000000000904                __fixunssfsi

.text.read_temp
                0x0000000000000962       0x5c
 .text.read_temp
                0x0000000000000962       0x5c build/default/debug/8_2.o
                0x0000000000000962                read_temp

.text.twi_start_wait
                0x00000000000009be       0x50
 .text.twi_start_wait
                0x00000000000009be       0x50 build/default/debug/8_2.o
                0x00000000000009be                twi_start_wait

.text.twi_start
                0x0000000000000a0e       0x4e
 .text.twi_start
                0x0000000000000a0e       0x4e build/default/debug/8_2.o
                0x0000000000000a0e                twi_start

.text.scan_keypad
                0x0000000000000a5c       0x44
 .text.scan_keypad
                0x0000000000000a5c       0x44 build/default/debug/8_2.o
                0x0000000000000a5c                scan_keypad

.text.avrlibc.fplib
                0x0000000000000aa0       0x44
 .text.avrlibc.fplib
                0x0000000000000aa0       0x44 /Applications/microchip/xc8/v2.10/avr/bin/../lib/gcc/avr/5.4.0/../../../../avr/lib/avr5/libm.a(fp_split3.o)
                0x0000000000000aa0                __fp_split3
                0x0000000000000ab0                __fp_splitA

.text.scan_keypad_rising_edge
                0x0000000000000ae4       0x3c
 .text.scan_keypad_rising_edge
                0x0000000000000ae4       0x3c build/default/debug/8_2.o
                0x0000000000000ae4                scan_keypad_rising_edge

.text.pressure_digits
                0x0000000000000b20       0x3a
 .text.pressure_digits
                0x0000000000000b20       0x3a build/default/debug/8_2.o
                0x0000000000000b20                pressure_digits

.text.one_wire_reset
                0x0000000000000b5a       0x38
 .text.one_wire_reset
                0x0000000000000b5a       0x38 build/default/debug/8_2.o
                0x0000000000000b5a                one_wire_reset

.text.one_wire_transmit_byte
                0x0000000000000b92       0x36
 .text.one_wire_transmit_byte
                0x0000000000000b92       0x36 build/default/debug/8_2.o
                0x0000000000000b92                one_wire_transmit_byte

.text.pressure_output
                0x0000000000000bc8       0x36
 .text.pressure_output
                0x0000000000000bc8       0x36 build/default/debug/8_2.o
                0x0000000000000bc8                pressure_output

.text.one_wire_transmit_bit
                0x0000000000000bfe       0x34
 .text.one_wire_transmit_bit
                0x0000000000000bfe       0x34 build/default/debug/8_2.o
                0x0000000000000bfe                one_wire_transmit_bit

.text.one_wire_receive_byte
                0x0000000000000c32       0x32
 .text.one_wire_receive_byte
                0x0000000000000c32       0x32 build/default/debug/8_2.o
                0x0000000000000c32                one_wire_receive_byte

.text.one_wire_receive_bit
                0x0000000000000c64       0x2c
 .text.one_wire_receive_bit
                0x0000000000000c64       0x2c build/default/debug/8_2.o
                0x0000000000000c64                one_wire_receive_bit

.text.pca_lcd_data
                0x0000000000000c90       0x2a
 .text.pca_lcd_data
                0x0000000000000c90       0x2a build/default/debug/8_2.o
                0x0000000000000c90                pca_lcd_data

.text.pca_lcd_command
                0x0000000000000cba       0x2a
 .text.pca_lcd_command
                0x0000000000000cba       0x2a build/default/debug/8_2.o
                0x0000000000000cba                pca_lcd_command

.text.libgcc.div
                0x0000000000000ce4       0x28
 .text.libgcc.div
                0x0000000000000ce4       0x28 /Applications/microchip/xc8/v2.10/avr/bin/../lib/gcc/avr/5.4.0/avr5/libgcc.a(_divmodhi4.o)
                0x0000000000000ce4                __divmodhi4
                0x0000000000000ce4                _div

.text.libgcc.div
                0x0000000000000d0c       0x28
 .text.libgcc.div
                0x0000000000000d0c       0x28 /Applications/microchip/xc8/v2.10/avr/bin/../lib/gcc/avr/5.4.0/avr5/libgcc.a(_udivmodhi4.o)
                0x0000000000000d0c                __udivmodhi4

.text.PCA9555_0_read
                0x0000000000000d34       0x26
 .text.PCA9555_0_read
                0x0000000000000d34       0x26 build/default/debug/8_2.o
                0x0000000000000d34                PCA9555_0_read

.text.twi_write
                0x0000000000000d5a       0x24
 .text.twi_write
                0x0000000000000d5a       0x24 build/default/debug/8_2.o
                0x0000000000000d5a                twi_write

.text.PCA9555_0_write
                0x0000000000000d7e       0x24
 .text.PCA9555_0_write
                0x0000000000000d7e       0x24 build/default/debug/8_2.o
                0x0000000000000d7e                PCA9555_0_write

.text.transmit_esp
                0x0000000000000da2       0x22
 .text.transmit_esp
                0x0000000000000da2       0x22 build/default/debug/8_2.o
                0x0000000000000da2                transmit_esp

.text.scan_row  0x0000000000000dc4       0x22
 .text.scan_row
                0x0000000000000dc4       0x22 build/default/debug/8_2.o
                0x0000000000000dc4                scan_row

.text.avrlibc.fplib
                0x0000000000000de6       0x22
 .text.avrlibc.fplib
                0x0000000000000de6       0x22 /Applications/microchip/xc8/v2.10/avr/bin/../lib/gcc/avr/5.4.0/../../../../avr/lib/avr5/libm.a(fp_round.o)
                0x0000000000000de6                __fp_round

.text.transmit_word
                0x0000000000000e08       0x1e
 .text.transmit_word
                0x0000000000000e08       0x1e build/default/debug/8_2.o
                0x0000000000000e08                transmit_word

.text.write_word
                0x0000000000000e26       0x1e
 .text.write_word
                0x0000000000000e26       0x1e build/default/debug/8_2.o
                0x0000000000000e26                write_word

.text.usart_init
                0x0000000000000e44       0x1a
 .text.usart_init
                0x0000000000000e44       0x1a build/default/debug/8_2.o
                0x0000000000000e44                usart_init

.text.twi_readNak
                0x0000000000000e5e       0x16
 .text.twi_readNak
                0x0000000000000e5e       0x16 build/default/debug/8_2.o
                0x0000000000000e5e                twi_readNak

.text.pca_lcd_clear_display
                0x0000000000000e74       0x14
 .text.pca_lcd_clear_display
                0x0000000000000e74       0x14 build/default/debug/8_2.o
                0x0000000000000e74                pca_lcd_clear_display

.text.twi_stop  0x0000000000000e88       0x12
 .text.twi_stop
                0x0000000000000e88       0x12 build/default/debug/8_2.o
                0x0000000000000e88                twi_stop

.text.avrlibc   0x0000000000000e9a       0x12
 .text.avrlibc  0x0000000000000e9a       0x12 /Applications/microchip/xc8/v2.10/avr/bin/../lib/gcc/avr/5.4.0/../../../../avr/lib/avr5/libc.a(strcmp.o)
                0x0000000000000e9a                strcmp

.text.usart_transmit
                0x0000000000000eac       0x10
 .text.usart_transmit
                0x0000000000000eac       0x10 build/default/debug/8_2.o
                0x0000000000000eac                usart_transmit

.text.avrlibc.fplib
                0x0000000000000ebc        0xe
 .text.avrlibc.fplib
                0x0000000000000ebc        0xe /Applications/microchip/xc8/v2.10/avr/bin/../lib/gcc/avr/5.4.0/../../../../avr/lib/avr5/libm.a(fixsfsi.o)
                0x0000000000000ebc                __fixsfsi

.text.avrlibc.fplib
                0x0000000000000eca        0xe
 .text.avrlibc.fplib
                0x0000000000000eca        0xe /Applications/microchip/xc8/v2.10/avr/bin/../lib/gcc/avr/5.4.0/../../../../avr/lib/avr5/libm.a(fp_pscA.o)
                0x0000000000000eca                __fp_pscA

.text.avrlibc.fplib
                0x0000000000000ed8        0xe
 .text.avrlibc.fplib
                0x0000000000000ed8        0xe /Applications/microchip/xc8/v2.10/avr/bin/../lib/gcc/avr/5.4.0/../../../../avr/lib/avr5/libm.a(fp_pscB.o)
                0x0000000000000ed8                __fp_pscB

.text.avrlibc.fplib
                0x0000000000000ee6        0xe
 .text.avrlibc.fplib
                0x0000000000000ee6        0xe /Applications/microchip/xc8/v2.10/avr/bin/../lib/gcc/avr/5.4.0/../../../../avr/lib/avr5/libm.a(fp_zero.o)
                0x0000000000000ee6                __fp_zero
                0x0000000000000ee8                __fp_szero

.text.twi_init  0x0000000000000ef4        0xc
 .text.twi_init
                0x0000000000000ef4        0xc build/default/debug/8_2.o
                0x0000000000000ef4                twi_init

.text.avrlibc.fplib
                0x0000000000000f00        0xc
 .text.avrlibc.fplib
                0x0000000000000f00        0xc /Applications/microchip/xc8/v2.10/avr/bin/../lib/gcc/avr/5.4.0/../../../../avr/lib/avr5/libm.a(fp_inf.o)
                0x0000000000000f00                __fp_inf

.text.avrlibc.fplib
                0x0000000000000f0c        0x8
 .text.avrlibc.fplib
                0x0000000000000f0c        0x8 /Applications/microchip/xc8/v2.10/avr/bin/../lib/gcc/avr/5.4.0/../../../../avr/lib/avr5/libm.a(divsf3.o)
                0x0000000000000f0c                __divsf3

.text.avrlibc.fplib
                0x0000000000000f14        0x8
 .text.avrlibc.fplib
                0x0000000000000f14        0x8 /Applications/microchip/xc8/v2.10/avr/bin/../lib/gcc/avr/5.4.0/../../../../avr/lib/avr5/libm.a(mulsf3.o)
                0x0000000000000f14                __mulsf3

.text.twi_rep_start
                0x0000000000000f1c        0x6
 .text.twi_rep_start
                0x0000000000000f1c        0x6 build/default/debug/8_2.o
                0x0000000000000f1c                twi_rep_start

.text.avrlibc.fplib
                0x0000000000000f22        0x6
 .text.avrlibc.fplib
                0x0000000000000f22        0x6 /Applications/microchip/xc8/v2.10/avr/bin/../lib/gcc/avr/5.4.0/../../../../avr/lib/avr5/libm.a(fp_nan.o)
                0x0000000000000f22                __fp_nan

.text           0x0000000000000f28        0x4
 .text          0x0000000000000f28        0x4 /Applications/microchip/xc8/v2.10/dfp/gcc/dev/atmega328pb/avr5/crtatmega328pb.o
                0x0000000000000f28                __vector_42
                0x0000000000000f28                __vector_22
                0x0000000000000f28                __vector_28
                0x0000000000000f28                __vector_1
                0x0000000000000f28                __vector_32
                0x0000000000000f28                __vector_34
                0x0000000000000f28                __vector_24
                0x0000000000000f28                __vector_12
                0x0000000000000f28                __bad_interrupt
                0x0000000000000f28                __vector_6
                0x0000000000000f28                __vector_31
                0x0000000000000f28                __vector_35
                0x0000000000000f28                __vector_39
                0x0000000000000f28                __vector_3
                0x0000000000000f28                __vector_23
                0x0000000000000f28                __vector_30
                0x0000000000000f28                __vector_25
                0x0000000000000f28                __vector_11
                0x0000000000000f28                __vector_13
                0x0000000000000f28                __vector_17
                0x0000000000000f28                __vector_19
                0x0000000000000f28                __vector_7
                0x0000000000000f28                __vector_41
                0x0000000000000f28                __vector_43
                0x0000000000000f28                __vector_27
                0x0000000000000f28                __vector_5
                0x0000000000000f28                __vector_33
                0x0000000000000f28                __vector_37
                0x0000000000000f28                __vector_4
                0x0000000000000f28                __vector_44
                0x0000000000000f28                __vector_9
                0x0000000000000f28                __vector_2
                0x0000000000000f28                __vector_21
                0x0000000000000f28                __vector_15
                0x0000000000000f28                __vector_36
                0x0000000000000f28                __vector_29
                0x0000000000000f28                __vector_40
                0x0000000000000f28                __vector_8
                0x0000000000000f28                __vector_26
                0x0000000000000f28                __vector_14
                0x0000000000000f28                __vector_10
                0x0000000000000f28                __vector_16
                0x0000000000000f28                __vector_18
                0x0000000000000f28                __vector_20
                0x0000000000000f28                __vector_38

.rodata         0x000000000080010a       0xde load address 0x0000000000000f2c
 .rodata        0x000000000080010a       0xde build/default/debug/8_2.o
